                                                                                                                                                                                                                                                                                                                                                                                                                                                                                                                                                                                                                                                                                                                                                                                                                                                                                                                                                                                                                                                                                                                                                                                                                                                                                                                                                                                                                                                                                                                                                                                                                                                                                                                                                                                                                                                                                                                                                                                                                                                                                                                                                                                                                                                                                                                                                                                                                                                                                                                                                                                                                                                                                                                                                                                                                                                                                                                                                                                                                                                                                                                                                                                                                                                                                                                                                                                                                                                                                                                                                                                                                                                                                                                                                                                                                                                                                                                                                                                                                                                                                                                                                                                                                                                                                                                                                                                                                                                                                                                                                                                                                                                                                                                                                                                                                                                                                                                                                                                                                                                                                                                                                                                                                                                                                                                                                                                                                                                                                                                                                                                                                                                                                      04-03 04:22:41.904 W/ziparchive(  323): Unable to open '/data/user_de/0/com.google.android.gms/app_chimera/m/00000012/dl-PlayCloudSearch.optional_261133100000.dm': No such file or directory
04-03 04:22:41.904 W/ziparchive(  323): Unable to open '/data/user_de/0/com.google.android.gms/app_chimera/m/00000012/dl-PlayCloudSearch.optional_261133100000.dm': No such file or directory
04-03 04:22:41.912 W/ziparchive(  323): Unable to open '/data/user_de/0/com.google.android.gms/app_chimera/m/00000004/DynamiteModulesC.dm': No such file or directory
04-03 04:22:41.912 W/ziparchive(  323): Unable to open '/data/user_de/0/com.google.android.gms/app_chimera/m/00000004/DynamiteModulesC.dm': No such file or directory
04-03 04:22:41.915 W/ziparchive(  323): Unable to open '/data/user_de/0/com.google.android.gms/app_chimera/m/0000000c/dl-VisionOcrDynamite.integ_231602402100000.dm': No such file or directory
04-03 04:22:41.915 W/ziparchive(  323): Unable to open '/data/user_de/0/com.google.android.gms/app_chimera/m/0000000c/dl-VisionOcrDynamite.integ_231602402100000.dm': No such file or directory
04-03 04:22:41.919 W/ziparchive(  323): Unable to open '/data/user_de/0/com.google.android.gms/app_chimera/m/00000001/CronetDynamite.dm': No such file or directory
04-03 04:22:41.919 W/ziparchive(  323): Unable to open '/data/user_de/0/com.google.android.gms/app_chimera/m/00000001/CronetDynamite.dm': No such file or directory
04-03 04:22:41.919 W/ziparchive(  323): Unable to open '/data/user_de/0/com.google.android.gms/app_chimera/m/00000010/dl-MlkitOcrCommon.optional_261133100800.dm': No such file or directory
04-03 04:22:41.919 W/ziparchive(  323): Unable to open '/data/user_de/0/com.google.android.gms/app_chimera/m/00000010/dl-MlkitOcrCommon.optional_261133100800.dm': No such file or directory
04-03 04:22:41.925 W/ziparchive(  323): Unable to open '/data/user_de/0/com.google.android.gms/app_chimera/m/0000000b/dl-TfliteDynamiteDynamite.integ_252130102100800.dm': No such file or directory
04-03 04:22:41.925 W/ziparchive(  323): Unable to open '/data/user_de/0/com.google.android.gms/app_chimera/m/0000000b/dl-TfliteDynamiteDynamite.integ_252130102100800.dm': No such file or directory
04-03 04:22:41.928 W/ziparchive(  323): Unable to open '/data/user_de/0/com.google.android.gms/app_chimera/m/00000002/DynamiteLoader.dm': No such file or directory
04-03 04:22:41.928 W/ziparchive(  323): Unable to open '/data/user_de/0/com.google.android.gms/app_chimera/m/00000002/DynamiteLoader.dm': No such file or directory
04-03 04:22:41.928 W/ziparchive(  323): Unable to open '/data/user_de/0/com.google.android.gms/app_chimera/m/00000005/GoogleCertificates.dm': No such file or directory
04-03 04:22:41.928 W/ziparchive(  323): Unable to open '/data/user_de/0/com.google.android.gms/app_chimera/m/00000005/GoogleCertificates.dm': No such file or directory
04-03 04:22:41.931 W/ziparchive(  323): Unable to open '/data/user_de/0/com.google.android.gms/app_chimera/m/0000000f/dl-VisionOcr.optional_261133100000.dm': No such file or directory
04-03 04:22:41.931 W/ziparchive(  323): Unable to open '/data/user_de/0/com.google.android.gms/app_chimera/m/0000000f/dl-VisionOcr.optional_261133100000.dm': No such file or directory
04-03 04:22:41.934 W/ziparchive(  323): Unable to open '/data/user_de/0/com.google.android.gms/app_chimera/m/0000000a/dl-MlkitBarcodeUi.optional_231818100000.dm': No such file or directory
04-03 04:22:41.934 W/ziparchive(  323): Unable to open '/data/user_de/0/com.google.android.gms/app_chimera/m/0000000a/dl-MlkitBarcodeUi.optional_231818100000.dm': No such file or directory
04-03 04:22:41.936 W/ziparchive(  323): Unable to open '/data/user_de/0/com.google.android.gms/app_chimera/m/00000011/dl-AdsFdrDynamite.integ_260480602100000.dm': No such file or directory
04-03 04:22:41.938 W/ziparchive(  323): Unable to open '/data/user_de/0/com.google.android.gms/app_chimera/m/00000011/dl-AdsFdrDynamite.integ_260480602100000.dm': No such file or directory
04-03 04:22:41.938 W/ziparchive(  323): Unable to open '/data/user_de/0/com.google.android.gms/app_chimera/m/00000014/dl-MlkitBarcodeUi.optional_261133100800.dm': No such file or directory
04-03 04:22:41.939 W/ziparchive(  323): Unable to open '/data/user_de/0/com.google.android.gms/app_chimera/m/00000014/dl-MlkitBarcodeUi.optional_261133100800.dm': No such file or directory
04-03 04:22:41.942 W/ziparchive(  323): Unable to open '/data/user_de/0/com.google.android.gms/app_chimera/m/00000013/dl-Appsearch.optional_261133100800.dm': No such file or directory
04-03 04:22:41.943 W/ziparchive(  323): Unable to open '/data/user_de/0/com.google.android.gms/app_chimera/m/00000013/dl-Appsearch.optional_261133100800.dm': No such file or directory
04-03 04:22:41.945 W/ziparchive(  323): Unable to open '/data/user_de/0/com.google.android.gms/app_chimera/m/00000008/dl-MlkitOcrCommon.optional_231818100800.dm': No such file or directory
04-03 04:22:41.945 W/ziparchive(  323): Unable to open '/data/user_de/0/com.google.android.gms/app_chimera/m/00000008/dl-MlkitOcrCommon.optional_231818100800.dm': No such file or directory
04-03 04:22:41.947 W/ziparchive(  323): Unable to open '/data/user_de/0/com.google.android.gms/app_chimera/m/00000000/AdsDynamite.dm': No such file or directory
04-03 04:22:41.948 W/ziparchive(  323): Unable to open '/data/user_de/0/com.google.android.gms/app_chimera/m/00000000/AdsDynamite.dm': No such file or directory
04-03 04:22:41.958 W/ziparchive(  323): Unable to open '/data/user_de/0/com.google.android.gms/app_chimera/m/00000007/MeasurementDynamite.dm': No such file or directory
04-03 04:22:41.958 W/ziparchive(  323): Unable to open '/data/user_de/0/com.google.android.gms/app_chimera/m/00000007/MeasurementDynamite.dm': No such file or directory
04-03 04:22:46.587 D/androidtc(  564): Initializing SystemTextClassifier, type = System
04-03 04:22:46.587 I/AiAiTextClassifier( 1338): onCreateTextClassificationSession = TextClassificationSessionId {216200de-39bf-46b8-861f-f49a7d44debc}
04-03 04:22:46.590 I/AiAiTextClassifier( 1338): GenerateLinks did not find valid links, returning empty result
04-03 04:22:46.591 I/AiAiTranslate( 1338): C2T - not in a conversation
04-03 04:22:46.598 I/ClipboardListener(  798): Clipboard overlay suppressed.
04-03 04:22:46.603 I/ClipboardListener(  798): Clipboard overlay suppressed.
04-03 04:22:46.603 I/AiAiTextClassifier( 1338): GenerateLinks did not find valid links, returning empty result
04-03 04:22:49.354 D/androidtc(  564): Initializing SystemTextClassifier, type = System
04-03 04:22:49.359 I/ClipboardListener(  798): Clipboard overlay suppressed.
04-03 04:22:49.363 I/AiAiTextClassifier( 1338): onCreateTextClassificationSession = TextClassificationSessionId {890b3ddc-ec13-469c-87d9-cb58db0c863d}
04-03 04:22:49.363 I/AiAiTranslate( 1338): C2T - not in a conversation
04-03 04:22:49.366 I/AiAiTextClassifier( 1338): GenerateLinks did not find valid links, returning empty result
04-03 04:22:49.369 I/AiAiTextClassifier( 1338): GenerateLinks did not find valid links, returning empty result
04-03 04:22:49.375 I/ClipboardListener(  798): Clipboard overlay suppressed.
04-03 04:22:50.477 D/StatusBarIconController(  798): ignoring old pipeline callbacks, because the new mobile icons are enabled
04-03 04:22:51.873 W/ziparchive(  323): Unable to open '/data/user_de/0/com.google.android.gms/app_chimera/m/00000012/dl-PlayCloudSearch.optional_261133100000.dm': No such file or directory
04-03 04:22:51.873 W/ziparchive(  323): Unable to open '/data/user_de/0/com.google.android.gms/app_chimera/m/00000012/dl-PlayCloudSearch.optional_261133100000.dm': No such file or directory
04-03 04:22:51.875 W/ziparchive(  323): Unable to open '/data/user_de/0/com.google.android.gms/app_chimera/m/00000004/DynamiteModulesC.dm': No such file or directory
04-03 04:22:51.875 W/ziparchive(  323): Unable to open '/data/user_de/0/com.google.android.gms/app_chimera/m/00000004/DynamiteModulesC.dm': No such file or directory
04-03 04:22:51.875 W/ziparchive(  323): Unable to open '/data/user_de/0/com.google.android.gms/app_chimera/m/0000000c/dl-VisionOcrDynamite.integ_231602402100000.dm': No such file or directory
04-03 04:22:51.875 W/ziparchive(  323): Unable to open '/data/user_de/0/com.google.android.gms/app_chimera/m/0000000c/dl-VisionOcrDynamite.integ_231602402100000.dm': No such file or directory
04-03 04:22:51.876 W/ziparchive(  323): Unable to open '/data/user_de/0/com.google.android.gms/app_chimera/m/00000001/CronetDynamite.dm': No such file or directory
04-03 04:22:51.876 W/ziparchive(  323): Unable to open '/data/user_de/0/com.google.android.gms/app_chimera/m/00000001/CronetDynamite.dm': No such file or directory
04-03 04:22:51.876 W/ziparchive(  323): Unable to open '/data/user_de/0/com.google.android.gms/app_chimera/m/00000010/dl-MlkitOcrCommon.optional_261133100800.dm': No such file or directory
04-03 04:22:51.876 W/ziparchive(  323): Unable to open '/data/user_de/0/com.google.android.gms/app_chimera/m/00000010/dl-MlkitOcrCommon.optional_261133100800.dm': No such file or directory
04-03 04:22:51.877 W/ziparchive(  323): Unable to open '/data/user_de/0/com.google.android.gms/app_chimera/m/0000000b/dl-TfliteDynamiteDynamite.integ_252130102100800.dm': No such file or directory
04-03 04:22:51.877 W/ziparchive(  323): Unable to open '/data/user_de/0/com.google.android.gms/app_chimera/m/0000000b/dl-TfliteDynamiteDynamite.integ_252130102100800.dm': No such file or directory
04-03 04:22:51.878 W/ziparchive(  323): Unable to open '/data/user_de/0/com.google.android.gms/app_chimera/m/00000002/DynamiteLoader.dm': No such file or directory
04-03 04:22:51.879 W/ziparchive(  323): Unable to open '/data/user_de/0/com.google.android.gms/app_chimera/m/00000002/DynamiteLoader.dm': No such file or directory
04-03 04:22:51.879 W/ziparchive(  323): Unable to open '/data/user_de/0/com.google.android.gms/app_chimera/m/00000005/GoogleCertificates.dm': No such file or directory
04-03 04:22:51.880 W/ziparchive(  323): Unable to open '/data/user_de/0/com.google.android.gms/app_chimera/m/00000005/GoogleCertificates.dm': No such file or directory
04-03 04:22:51.881 W/ziparchive(  323): Unable to open '/data/user_de/0/com.google.android.gms/app_chimera/m/0000000f/dl-VisionOcr.optional_261133100000.dm': No such file or directory
04-03 04:22:51.881 W/ziparchive(  323): Unable to open '/data/user_de/0/com.google.android.gms/app_chimera/m/0000000f/dl-VisionOcr.optional_261133100000.dm': No such file or directory
04-03 04:22:51.882 W/ziparchive(  323): Unable to open '/data/user_de/0/com.google.android.gms/app_chimera/m/0000000a/dl-MlkitBarcodeUi.optional_231818100000.dm': No such file or directory
04-03 04:22:51.882 W/ziparchive(  323): Unable to open '/data/user_de/0/com.google.android.gms/app_chimera/m/0000000a/dl-MlkitBarcodeUi.optional_231818100000.dm': No such file or directory
04-03 04:22:51.883 W/ziparchive(  323): Unable to open '/data/user_de/0/com.google.android.gms/app_chimera/m/00000011/dl-AdsFdrDynamite.integ_260480602100000.dm': No such file or directory
04-03 04:22:51.884 W/ziparchive(  323): Unable to open '/data/user_de/0/com.google.android.gms/app_chimera/m/00000011/dl-AdsFdrDynamite.integ_260480602100000.dm': No such file or directory
04-03 04:22:51.887 W/ziparchive(  323): Unable to open '/data/user_de/0/com.google.android.gms/app_chimera/m/00000014/dl-MlkitBarcodeUi.optional_261133100800.dm': No such file or directory
04-03 04:22:51.887 W/ziparchive(  323): Unable to open '/data/user_de/0/com.google.android.gms/app_chimera/m/00000014/dl-MlkitBarcodeUi.optional_261133100800.dm': No such file or directory
04-03 04:22:51.888 W/ziparchive(  323): Unable to open '/data/user_de/0/com.google.android.gms/app_chimera/m/00000013/dl-Appsearch.optional_261133100800.dm': No such file or directory
04-03 04:22:51.888 W/ziparchive(  323): Unable to open '/data/user_de/0/com.google.android.gms/app_chimera/m/00000013/dl-Appsearch.optional_261133100800.dm': No such file or directory
04-03 04:22:51.889 W/ziparchive(  323): Unable to open '/data/user_de/0/com.google.android.gms/app_chimera/m/00000008/dl-MlkitOcrCommon.optional_231818100800.dm': No such file or directory
04-03 04:22:51.889 W/ziparchive(  323): Unable to open '/data/user_de/0/com.google.android.gms/app_chimera/m/00000008/dl-MlkitOcrCommon.optional_231818100800.dm': No such file or directory
04-03 04:22:51.889 W/ziparchive(  323): Unable to open '/data/user_de/0/com.google.android.gms/app_chimera/m/00000000/AdsDynamite.dm': No such file or directory
04-03 04:22:51.889 W/ziparchive(  323): Unable to open '/data/user_de/0/com.google.android.gms/app_chimera/m/00000000/AdsDynamite.dm': No such file or directory
04-03 04:22:51.890 W/ziparchive(  323): Unable to open '/data/user_de/0/com.google.android.gms/app_chimera/m/00000007/MeasurementDynamite.dm': No such file or directory
04-03 04:22:51.891 W/ziparchive(  323): Unable to open '/data/user_de/0/com.google.android.gms/app_chimera/m/00000007/MeasurementDynamite.dm': No such file or directory
04-03 04:23:00.007 I/AiAiEcho( 1338): Predicting[0]: 
04-03 04:23:00.007 I/AiAiEcho( 1338): EchoTargets: 
04-03 04:23:00.007 I/AiAiEcho( 1338): Filtered by AiAi flag check: 
04-03 04:23:00.007 I/AiAiEcho( 1338): Ranked targets strategy: SORT, count: 0, ranking metadata: 
04-03 04:23:00.007 I/AiAiEcho( 1338): #postPredictionTargets: Sending updates to UISurface lockscreen with targets# 0 (types=[])
04-03 04:23:00.018 D/EGL_emulation(  798): app_time_stats: avg=39533.71ms min=39533.71ms max=39533.71ms count=1
04-03 04:23:00.020 W/PageIndicator(  798): Total number of pages invalid: 0. Assuming 1 page.
04-03 04:23:00.480 D/StatusBarIconController(  798): ignoring old pipeline callbacks, because the new mobile icons are enabled
04-03 04:23:01.918 W/ziparchive(  323): Unable to open '/data/user_de/0/com.google.android.gms/app_chimera/m/00000012/dl-PlayCloudSearch.optional_261133100000.dm': No such file or directory
04-03 04:23:01.918 W/ziparchive(  323): Unable to open '/data/user_de/0/com.google.android.gms/app_chimera/m/00000012/dl-PlayCloudSearch.optional_261133100000.dm': No such file or directory
04-03 04:23:01.920 W/ziparchive(  323): Unable to open '/data/user_de/0/com.google.android.gms/app_chimera/m/00000004/DynamiteModulesC.dm': No such file or directory
04-03 04:23:01.920 W/ziparchive(  323): Unable to open '/data/user_de/0/com.google.android.gms/app_chimera/m/00000004/DynamiteModulesC.dm': No such file or directory
04-03 04:23:01.924 W/ziparchive(  323): Unable to open '/data/user_de/0/com.google.android.gms/app_chimera/m/0000000c/dl-VisionOcrDynamite.integ_231602402100000.dm': No such file or directory
04-03 04:23:01.924 W/ziparchive(  323): Unable to open '/data/user_de/0/com.google.android.gms/app_chimera/m/0000000c/dl-VisionOcrDynamite.integ_231602402100000.dm': No such file or directory
04-03 04:23:01.926 W/ziparchive(  323): Unable to open '/data/user_de/0/com.google.android.gms/app_chimera/m/00000001/CronetDynamite.dm': No such file or directory
04-03 04:23:01.927 W/ziparchive(  323): Unable to open '/data/user_de/0/com.google.android.gms/app_chimera/m/00000001/CronetDynamite.dm': No such file or directory
04-03 04:23:01.934 W/ziparchive(  323): Unable to open '/data/user_de/0/com.google.android.gms/app_chimera/m/00000010/dl-MlkitOcrCommon.optional_261133100800.dm': No such file or directory
04-03 04:23:01.934 W/ziparchive(  323): Unable to open '/data/user_de/0/com.google.android.gms/app_chimera/m/00000010/dl-MlkitOcrCommon.optional_261133100800.dm': No such file or directory
04-03 04:23:01.938 W/ziparchive(  323): Unable to open '/data/user_de/0/com.google.android.gms/app_chimera/m/0000000b/dl-TfliteDynamiteDynamite.integ_252130102100800.dm': No such file or directory
04-03 04:23:01.938 W/ziparchive(  323): Unable to open '/data/user_de/0/com.google.android.gms/app_chimera/m/0000000b/dl-TfliteDynamiteDynamite.integ_252130102100800.dm': No such file or directory
04-03 04:23:01.938 W/ziparchive(  323): Unable to open '/data/user_de/0/com.google.android.gms/app_chimera/m/00000002/DynamiteLoader.dm': No such file or directory
04-03 04:23:01.938 W/ziparchive(  323): Unable to open '/data/user_de/0/com.google.android.gms/app_chimera/m/00000002/DynamiteLoader.dm': No such file or directory
04-03 04:23:01.939 W/ziparchive(  323): Unable to open '/data/user_de/0/com.google.android.gms/app_chimera/m/00000005/GoogleCertificates.dm': No such file or directory
04-03 04:23:01.939 W/ziparchive(  323): Unable to open '/data/user_de/0/com.google.android.gms/app_chimera/m/00000005/GoogleCertificates.dm': No such file or directory
04-03 04:23:01.943 W/ziparchive(  323): Unable to open '/data/user_de/0/com.google.android.gms/app_chimera/m/0000000f/dl-VisionOcr.optional_261133100000.dm': No such file or directory
04-03 04:23:01.943 W/ziparchive(  323): Unable to open '/data/user_de/0/com.google.android.gms/app_chimera/m/0000000f/dl-VisionOcr.optional_261133100000.dm': No such file or directory
04-03 04:23:01.946 W/ziparchive(  323): Unable to open '/data/user_de/0/com.google.android.gms/app_chimera/m/0000000a/dl-MlkitBarcodeUi.optional_231818100000.dm': No such file or directory
04-03 04:23:01.946 W/ziparchive(  323): Unable to open '/data/user_de/0/com.google.android.gms/app_chimera/m/0000000a/dl-MlkitBarcodeUi.optional_231818100000.dm': No such file or directory
04-03 04:23:01.948 W/ziparchive(  323): Unable to open '/data/user_de/0/com.google.android.gms/app_chimera/m/00000011/dl-AdsFdrDynamite.integ_260480602100000.dm': No such file or directory
04-03 04:23:01.948 W/ziparchive(  323): Unable to open '/data/user_de/0/com.google.android.gms/app_chimera/m/00000011/dl-AdsFdrDynamite.integ_260480602100000.dm': No such file or directory
04-03 04:23:01.952 W/ziparchive(  323): Unable to open '/data/user_de/0/com.google.android.gms/app_chimera/m/00000014/dl-MlkitBarcodeUi.optional_261133100800.dm': No such file or directory
04-03 04:23:01.952 W/ziparchive(  323): Unable to open '/data/user_de/0/com.google.android.gms/app_chimera/m/00000014/dl-MlkitBarcodeUi.optional_261133100800.dm': No such file or directory
04-03 04:23:01.955 W/ziparchive(  323): Unable to open '/data/user_de/0/com.google.android.gms/app_chimera/m/00000013/dl-Appsearch.optional_261133100800.dm': No such file or directory
04-03 04:23:01.956 W/ziparchive(  323): Unable to open '/data/user_de/0/com.google.android.gms/app_chimera/m/00000013/dl-Appsearch.optional_261133100800.dm': No such file or directory
04-03 04:23:01.959 W/ziparchive(  323): Unable to open '/data/user_de/0/com.google.android.gms/app_chimera/m/00000008/dl-MlkitOcrCommon.optional_231818100800.dm': No such file or directory
04-03 04:23:01.959 W/ziparchive(  323): Unable to open '/data/user_de/0/com.google.android.gms/app_chimera/m/00000008/dl-MlkitOcrCommon.optional_231818100800.dm': No such file or directory
04-03 04:23:01.960 W/ziparchive(  323): Unable to open '/data/user_de/0/com.google.android.gms/app_chimera/m/00000000/AdsDynamite.dm': No such file or directory
04-03 04:23:01.960 W/ziparchive(  323): Unable to open '/data/user_de/0/com.google.android.gms/app_chimera/m/00000000/AdsDynamite.dm': No such file or directory
04-03 04:23:01.968 W/ziparchive(  323): Unable to open '/data/user_de/0/com.google.android.gms/app_chimera/m/00000007/MeasurementDynamite.dm': No such file or directory
04-03 04:23:01.968 W/ziparchive(  323): Unable to open '/data/user_de/0/com.google.android.gms/app_chimera/m/00000007/MeasurementDynamite.dm': No such file or directory
04-03 04:23:10.478 D/StatusBarIconController(  798): ignoring old pipeline callbacks, because the new mobile icons are enabled
04-03 04:23:11.869 I/AiAiTextClassifier( 1338): onDestroyTextClassificationSession = TextClassificationSessionId {216200de-39bf-46b8-861f-f49a7d44debc}
04-03 04:23:11.869 I/AiAiTextClassifier( 1338): onDestroyTextClassificationSession = TextClassificationSessionId {f0c32a93-48a0-4d75-bba1-093a33b7997e}
04-03 04:23:11.869 I/AiAiTextClassifier( 1338): onDestroyTextClassificationSession = TextClassificationSessionId {950fec5d-76b2-46d6-935f-f8568d6d152d}
04-03 04:23:11.912 W/ziparchive(  323): Unable to open '/data/user_de/0/com.google.android.gms/app_chimera/m/00000012/dl-PlayCloudSearch.optional_261133100000.dm': No such file or directory
04-03 04:23:11.912 W/ziparchive(  323): Unable to open '/data/user_de/0/com.google.android.gms/app_chimera/m/00000012/dl-PlayCloudSearch.optional_261133100000.dm': No such file or directory
04-03 04:23:11.917 W/ziparchive(  323): Unable to open '/data/user_de/0/com.google.android.gms/app_chimera/m/00000004/DynamiteModulesC.dm': No such file or directory
04-03 04:23:11.920 W/ziparchive(  323): Unable to open '/data/user_de/0/com.google.android.gms/app_chimera/m/00000004/DynamiteModulesC.dm': No such file or directory
04-03 04:23:11.921 W/ziparchive(  323): Unable to open '/data/user_de/0/com.google.android.gms/app_chimera/m/0000000c/dl-VisionOcrDynamite.integ_231602402100000.dm': No such file or directory
04-03 04:23:11.921 W/ziparchive(  323): Unable to open '/data/user_de/0/com.google.android.gms/app_chimera/m/0000000c/dl-VisionOcrDynamite.integ_231602402100000.dm': No such file or directory
04-03 04:23:11.921 W/ziparchive(  323): Unable to open '/data/user_de/0/com.google.android.gms/app_chimera/m/00000001/CronetDynamite.dm': No such file or directory
04-03 04:23:11.922 W/ziparchive(  323): Unable to open '/data/user_de/0/com.google.android.gms/app_chimera/m/00000001/CronetDynamite.dm': No such file or directory
04-03 04:23:11.922 W/ziparchive(  323): Unable to open '/data/user_de/0/com.google.android.gms/app_chimera/m/00000010/dl-MlkitOcrCommon.optional_261133100800.dm': No such file or directory
04-03 04:23:11.922 W/ziparchive(  323): Unable to open '/data/user_de/0/com.google.android.gms/app_chimera/m/00000010/dl-MlkitOcrCommon.optional_261133100800.dm': No such file or directory
04-03 04:23:11.923 W/ziparchive(  323): Unable to open '/data/user_de/0/com.google.android.gms/app_chimera/m/0000000b/dl-TfliteDynamiteDynamite.integ_252130102100800.dm': No such file or directory
04-03 04:23:11.923 W/ziparchive(  323): Unable to open '/data/user_de/0/com.google.android.gms/app_chimera/m/0000000b/dl-TfliteDynamiteDynamite.integ_252130102100800.dm': No such file or directory
04-03 04:23:11.925 W/ziparchive(  323): Unable to open '/data/user_de/0/com.google.android.gms/app_chimera/m/00000002/DynamiteLoader.dm': No such file or directory
04-03 04:23:11.926 W/ziparchive(  323): Unable to open '/data/user_de/0/com.google.android.gms/app_chimera/m/00000002/DynamiteLoader.dm': No such file or directory
04-03 04:23:11.926 W/ziparchive(  323): Unable to open '/data/user_de/0/com.google.android.gms/app_chimera/m/00000005/GoogleCertificates.dm': No such file or directory
04-03 04:23:11.926 W/ziparchive(  323): Unable to open '/data/user_de/0/com.google.android.gms/app_chimera/m/00000005/GoogleCertificates.dm': No such file or directory
04-03 04:23:11.928 W/ziparchive(  323): Unable to open '/data/user_de/0/com.google.android.gms/app_chimera/m/0000000f/dl-VisionOcr.optional_261133100000.dm': No such file or directory
04-03 04:23:11.928 W/ziparchive(  323): Unable to open '/data/user_de/0/com.google.android.gms/app_chimera/m/0000000f/dl-VisionOcr.optional_261133100000.dm': No such file or directory
04-03 04:23:11.932 W/ziparchive(  323): Unable to open '/data/user_de/0/com.google.android.gms/app_chimera/m/0000000a/dl-MlkitBarcodeUi.optional_231818100000.dm': No such file or directory
04-03 04:23:11.932 W/ziparchive(  323): Unable to open '/data/user_de/0/com.google.android.gms/app_chimera/m/0000000a/dl-MlkitBarcodeUi.optional_231818100000.dm': No such file or directory
04-03 04:23:11.933 W/ziparchive(  323): Unable to open '/data/user_de/0/com.google.android.gms/app_chimera/m/00000011/dl-AdsFdrDynamite.integ_260480602100000.dm': No such file or directory
04-03 04:23:11.934 W/ziparchive(  323): Unable to open '/data/user_de/0/com.google.android.gms/app_chimera/m/00000011/dl-AdsFdrDynamite.integ_260480602100000.dm': No such file or directory
04-03 04:23:11.937 W/ziparchive(  323): Unable to open '/data/user_de/0/com.google.android.gms/app_chimera/m/00000014/dl-MlkitBarcodeUi.optional_261133100800.dm': No such file or directory
04-03 04:23:11.937 W/ziparchive(  323): Unable to open '/data/user_de/0/com.google.android.gms/app_chimera/m/00000014/dl-MlkitBarcodeUi.optional_261133100800.dm': No such file or directory
04-03 04:23:11.942 W/ziparchive(  323): Unable to open '/data/user_de/0/com.google.android.gms/app_chimera/m/00000013/dl-Appsearch.optional_261133100800.dm': No such file or directory
04-03 04:23:11.942 W/ziparchive(  323): Unable to open '/data/user_de/0/com.google.android.gms/app_chimera/m/00000013/dl-Appsearch.optional_261133100800.dm': No such file or directory
04-03 04:23:11.946 W/ziparchive(  323): Unable to open '/data/user_de/0/com.google.android.gms/app_chimera/m/00000008/dl-MlkitOcrCommon.optional_231818100800.dm': No such file or directory
04-03 04:23:11.946 W/ziparchive(  323): Unable to open '/data/user_de/0/com.google.android.gms/app_chimera/m/00000008/dl-MlkitOcrCommon.optional_231818100800.dm': No such file or directory
04-03 04:23:11.948 W/ziparchive(  323): Unable to open '/data/user_de/0/com.google.android.gms/app_chimera/m/00000000/AdsDynamite.dm': No such file or directory
04-03 04:23:11.950 W/ziparchive(  323): Unable to open '/data/user_de/0/com.google.android.gms/app_chimera/m/00000000/AdsDynamite.dm': No such file or directory
04-03 04:23:11.956 W/ziparchive(  323): Unable to open '/data/user_de/0/com.google.android.gms/app_chimera/m/00000007/MeasurementDynamite.dm': No such file or directory
04-03 04:23:11.956 W/ziparchive(  323): Unable to open '/data/user_de/0/com.google.android.gms/app_chimera/m/00000007/MeasurementDynamite.dm': No such file or directory
04-03 04:23:16.567 W/Settings( 1191): Setting airplane_mode_on has moved from android.provider.Settings.System to android.provider.Settings.Global, returning read-only value.
04-03 04:23:16.571 W/SystemServiceRegistry( 1191): No service published for: wifirtt
04-03 04:23:17.159 W/AppOps  (  564): Noting op not finished: uid 10129 pkg com.google.android.gms code 113 startTime of in progress event=1775151909273
04-03 04:23:17.163 W/AppOps  (  564): Noting op not finished: uid 10129 pkg com.google.android.gms code 113 startTime of in progress event=1775151909273
04-03 04:23:17.168 W/ProcessStats(  564): Tracking association SourceState{9d94b46 com.google.android.apps.nexuslauncher/10160 BTop #22685} whose proc state 2 is better than process ProcessState{69263c7 com.google.android.googlequicksearchbox:googleapp/10132 pkg=com.google.android.googlequicksearchbox} proc state 14 (2 skipped)
04-03 04:23:17.172 W/AppOps  (  564): Noting op not finished: uid 10129 pkg com.google.android.gms code 113 startTime of in progress event=1775151909273
04-03 04:23:17.180 W/AppOps  (  564): Noting op not finished: uid 10129 pkg com.google.android.gms code 113 startTime of in progress event=1775151909273
04-03 04:23:17.185 I/ActivityScheduler( 1191): nextTriggerTime: 38153212, in 238100ms, detectorType: 39, FULL_TYPE alarmWindowMillis: 80000
04-03 04:23:17.362 D/WifiNl80211Manager(  564): Scan result ready event
04-03 04:23:17.364 D/WifiNative(  564): Scan result ready event
04-03 04:23:17.372 I/ActivityScheduler( 1191): nextTriggerTime: 38153212, in 237913ms, detectorType: 39, FULL_TYPE alarmWindowMillis: 80000
04-03 04:23:18.189 D/BoundBrokerSvc( 1191): onRebind: Intent { act=com.google.android.gms.libs.gmscorelogger.service.START dat=chimera-action:/... cmp=com.google.android.gms/.chimera.PersistentDirectBootAwareApiService }
04-03 04:23:20.424 D/WifiNl80211Manager(  564): Scan result ready event
04-03 04:23:20.424 D/WifiNative(  564): Scan result ready event
04-03 04:23:20.476 D/StatusBarIconController(  798): ignoring old pipeline callbacks, because the new mobile icons are enabled
04-03 04:23:20.935 E/WifiStaIfaceAidlImpl(  564): installApfPacketFilter failed with service-specific exception: android.os.ServiceSpecificException:  (code 4)
04-03 04:23:21.574 D/StatusBarIconController(  798): ignoring old pipeline callback because the new wifi icon is enabled
04-03 04:23:21.925 W/ziparchive(  323): Unable to open '/data/user_de/0/com.google.android.gms/app_chimera/m/00000012/dl-PlayCloudSearch.optional_261133100000.dm': No such file or directory
04-03 04:23:21.925 W/ziparchive(  323): Unable to open '/data/user_de/0/com.google.android.gms/app_chimera/m/00000012/dl-PlayCloudSearch.optional_261133100000.dm': No such file or directory
04-03 04:23:21.929 W/ziparchive(  323): Unable to open '/data/user_de/0/com.google.android.gms/app_chimera/m/00000004/DynamiteModulesC.dm': No such file or directory
04-03 04:23:21.929 W/ziparchive(  323): Unable to open '/data/user_de/0/com.google.android.gms/app_chimera/m/00000004/DynamiteModulesC.dm': No such file or directory
04-03 04:23:21.935 W/ziparchive(  323): Unable to open '/data/user_de/0/com.google.android.gms/app_chimera/m/0000000c/dl-VisionOcrDynamite.integ_231602402100000.dm': No such file or directory
04-03 04:23:21.935 W/ziparchive(  323): Unable to open '/data/user_de/0/com.google.android.gms/app_chimera/m/0000000c/dl-VisionOcrDynamite.integ_231602402100000.dm': No such file or directory
04-03 04:23:21.938 W/ziparchive(  323): Unable to open '/data/user_de/0/com.google.android.gms/app_chimera/m/00000001/CronetDynamite.dm': No such file or directory
04-03 04:23:21.938 W/ziparchive(  323): Unable to open '/data/user_de/0/com.google.android.gms/app_chimera/m/00000001/CronetDynamite.dm': No such file or directory
04-03 04:23:21.941 W/ziparchive(  323): Unable to open '/data/user_de/0/com.google.android.gms/app_chimera/m/00000010/dl-MlkitOcrCommon.optional_261133100800.dm': No such file or directory
04-03 04:23:21.942 W/ziparchive(  323): Unable to open '/data/user_de/0/com.google.android.gms/app_chimera/m/00000010/dl-MlkitOcrCommon.optional_261133100800.dm': No such file or directory
04-03 04:23:21.946 W/ziparchive(  323): Unable to open '/data/user_de/0/com.google.android.gms/app_chimera/m/0000000b/dl-TfliteDynamiteDynamite.integ_252130102100800.dm': No such file or directory
04-03 04:23:21.946 W/ziparchive(  323): Unable to open '/data/user_de/0/com.google.android.gms/app_chimera/m/0000000b/dl-TfliteDynamiteDynamite.integ_252130102100800.dm': No such file or directory
04-03 04:23:21.950 W/ziparchive(  323): Unable to open '/data/user_de/0/com.google.android.gms/app_chimera/m/00000002/DynamiteLoader.dm': No such file or directory
04-03 04:23:21.950 W/ziparchive(  323): Unable to open '/data/user_de/0/com.google.android.gms/app_chimera/m/00000002/DynamiteLoader.dm': No such file or directory
04-03 04:23:21.952 W/ziparchive(  323): Unable to open '/data/user_de/0/com.google.android.gms/app_chimera/m/00000005/GoogleCertificates.dm': No such file or directory
04-03 04:23:21.952 W/ziparchive(  323): Unable to open '/data/user_de/0/com.google.android.gms/app_chimera/m/00000005/GoogleCertificates.dm': No such file or directory
04-03 04:23:21.955 W/ziparchive(  323): Unable to open '/data/user_de/0/com.google.android.gms/app_chimera/m/0000000f/dl-VisionOcr.optional_261133100000.dm': No such file or directory
04-03 04:23:21.955 W/ziparchive(  323): Unable to open '/data/user_de/0/com.google.android.gms/app_chimera/m/0000000f/dl-VisionOcr.optional_261133100000.dm': No such file or directory
04-03 04:23:21.959 W/ziparchive(  323): Unable to open '/data/user_de/0/com.google.android.gms/app_chimera/m/0000000a/dl-MlkitBarcodeUi.optional_231818100000.dm': No such file or directory
04-03 04:23:21.960 W/ziparchive(  323): Unable to open '/data/user_de/0/com.google.android.gms/app_chimera/m/0000000a/dl-MlkitBarcodeUi.optional_231818100000.dm': No such file or directory
04-03 04:23:21.960 W/ziparchive(  323): Unable to open '/data/user_de/0/com.google.android.gms/app_chimera/m/00000011/dl-AdsFdrDynamite.integ_260480602100000.dm': No such file or directory
04-03 04:23:21.962 W/ziparchive(  323): Unable to open '/data/user_de/0/com.google.android.gms/app_chimera/m/00000011/dl-AdsFdrDynamite.integ_260480602100000.dm': No such file or directory
04-03 04:23:21.965 W/ziparchive(  323): Unable to open '/data/user_de/0/com.google.android.gms/app_chimera/m/00000014/dl-MlkitBarcodeUi.optional_261133100800.dm': No such file or directory
04-03 04:23:21.966 W/ziparchive(  323): Unable to open '/data/user_de/0/com.google.android.gms/app_chimera/m/00000014/dl-MlkitBarcodeUi.optional_261133100800.dm': No such file or directory
04-03 04:23:21.970 W/ziparchive(  323): Unable to open '/data/user_de/0/com.google.android.gms/app_chimera/m/00000013/dl-Appsearch.optional_261133100800.dm': No such file or directory
04-03 04:23:21.971 W/ziparchive(  323): Unable to open '/data/user_de/0/com.google.android.gms/app_chimera/m/00000013/dl-Appsearch.optional_261133100800.dm': No such file or directory
04-03 04:23:21.975 W/ziparchive(  323): Unable to open '/data/user_de/0/com.google.android.gms/app_chimera/m/00000008/dl-MlkitOcrCommon.optional_231818100800.dm': No such file or directory
04-03 04:23:21.976 W/ziparchive(  323): Unable to open '/data/user_de/0/com.google.android.gms/app_chimera/m/00000008/dl-MlkitOcrCommon.optional_231818100800.dm': No such file or directory
04-03 04:23:21.977 W/ziparchive(  323): Unable to open '/data/user_de/0/com.google.android.gms/app_chimera/m/00000000/AdsDynamite.dm': No such file or directory
04-03 04:23:21.977 W/ziparchive(  323): Unable to open '/data/user_de/0/com.google.android.gms/app_chimera/m/00000000/AdsDynamite.dm': No such file or directory
04-03 04:23:21.982 W/ziparchive(  323): Unable to open '/data/user_de/0/com.google.android.gms/app_chimera/m/00000007/MeasurementDynamite.dm': No such file or directory
04-03 04:23:21.982 W/ziparchive(  323): Unable to open '/data/user_de/0/com.google.android.gms/app_chimera/m/00000007/MeasurementDynamite.dm': No such file or directory
04-03 04:23:24.579 D/StatusBarIconController(  798): ignoring old pipeline callback because the new wifi icon is enabled
04-03 04:23:30.481 D/StatusBarIconController(  798): ignoring old pipeline callbacks, because the new mobile icons are enabled
04-03 04:23:31.949 W/ziparchive(  323): Unable to open '/data/user_de/0/com.google.android.gms/app_chimera/m/00000012/dl-PlayCloudSearch.optional_261133100000.dm': No such file or directory
04-03 04:23:31.949 W/ziparchive(  323): Unable to open '/data/user_de/0/com.google.android.gms/app_chimera/m/00000012/dl-PlayCloudSearch.optional_261133100000.dm': No such file or directory
04-03 04:23:31.955 W/ziparchive(  323): Unable to open '/data/user_de/0/com.google.android.gms/app_chimera/m/00000004/DynamiteModulesC.dm': No such file or directory
04-03 04:23:31.956 W/ziparchive(  323): Unable to open '/data/user_de/0/com.google.android.gms/app_chimera/m/00000004/DynamiteModulesC.dm': No such file or directory
04-03 04:23:31.957 W/ziparchive(  323): Unable to open '/data/user_de/0/com.google.android.gms/app_chimera/m/0000000c/dl-VisionOcrDynamite.integ_231602402100000.dm': No such file or directory
04-03 04:23:31.958 W/ziparchive(  323): Unable to open '/data/user_de/0/com.google.android.gms/app_chimera/m/0000000c/dl-VisionOcrDynamite.integ_231602402100000.dm': No such file or directory
04-03 04:23:31.958 W/ziparchive(  323): Unable to open '/data/user_de/0/com.google.android.gms/app_chimera/m/00000001/CronetDynamite.dm': No such file or directory
04-03 04:23:31.960 W/ziparchive(  323): Unable to open '/data/user_de/0/com.google.android.gms/app_chimera/m/00000001/CronetDynamite.dm': No such file or directory
04-03 04:23:31.962 W/ziparchive(  323): Unable to open '/data/user_de/0/com.google.android.gms/app_chimera/m/00000010/dl-MlkitOcrCommon.optional_261133100800.dm': No such file or directory
04-03 04:23:31.962 W/ziparchive(  323): Unable to open '/data/user_de/0/com.google.android.gms/app_chimera/m/00000010/dl-MlkitOcrCommon.optional_261133100800.dm': No such file or directory
04-03 04:23:31.970 W/ziparchive(  323): Unable to open '/data/user_de/0/com.google.android.gms/app_chimera/m/0000000b/dl-TfliteDynamiteDynamite.integ_252130102100800.dm': No such file or directory
04-03 04:23:31.970 W/ziparchive(  323): Unable to open '/data/user_de/0/com.google.android.gms/app_chimera/m/0000000b/dl-TfliteDynamiteDynamite.integ_252130102100800.dm': No such file or directory
04-03 04:23:31.976 W/ziparchive(  323): Unable to open '/data/user_de/0/com.google.android.gms/app_chimera/m/00000002/DynamiteLoader.dm': No such file or directory
04-03 04:23:31.976 W/ziparchive(  323): Unable to open '/data/user_de/0/com.google.android.gms/app_chimera/m/00000002/DynamiteLoader.dm': No such file or directory
04-03 04:23:31.981 W/ziparchive(  323): Unable to open '/data/user_de/0/com.google.android.gms/app_chimera/m/00000005/GoogleCertificates.dm': No such file or directory
04-03 04:23:31.981 W/ziparchive(  323): Unable to open '/data/user_de/0/com.google.android.gms/app_chimera/m/00000005/GoogleCertificates.dm': No such file or directory
04-03 04:23:31.985 W/ziparchive(  323): Unable to open '/data/user_de/0/com.google.android.gms/app_chimera/m/0000000f/dl-VisionOcr.optional_261133100000.dm': No such file or directory
04-03 04:23:31.985 W/ziparchive(  323): Unable to open '/data/user_de/0/com.google.android.gms/app_chimera/m/0000000f/dl-VisionOcr.optional_261133100000.dm': No such file or directory
04-03 04:23:31.988 W/ziparchive(  323): Unable to open '/data/user_de/0/com.google.android.gms/app_chimera/m/0000000a/dl-MlkitBarcodeUi.optional_231818100000.dm': No such file or directory
04-03 04:23:31.988 W/ziparchive(  323): Unable to open '/data/user_de/0/com.google.android.gms/app_chimera/m/0000000a/dl-MlkitBarcodeUi.optional_231818100000.dm': No such file or directory
04-03 04:23:31.992 W/ziparchive(  323): Unable to open '/data/user_de/0/com.google.android.gms/app_chimera/m/00000011/dl-AdsFdrDynamite.integ_260480602100000.dm': No such file or directory
04-03 04:23:31.996 W/ziparchive(  323): Unable to open '/data/user_de/0/com.google.android.gms/app_chimera/m/00000011/dl-AdsFdrDynamite.integ_260480602100000.dm': No such file or directory
04-03 04:23:32.000 W/ziparchive(  323): Unable to open '/data/user_de/0/com.google.android.gms/app_chimera/m/00000014/dl-MlkitBarcodeUi.optional_261133100800.dm': No such file or directory
04-03 04:23:32.000 W/ziparchive(  323): Unable to open '/data/user_de/0/com.google.android.gms/app_chimera/m/00000014/dl-MlkitBarcodeUi.optional_261133100800.dm': No such file or directory
04-03 04:23:32.003 W/ziparchive(  323): Unable to open '/data/user_de/0/com.google.android.gms/app_chimera/m/00000013/dl-Appsearch.optional_261133100800.dm': No such file or directory
04-03 04:23:32.003 W/ziparchive(  323): Unable to open '/data/user_de/0/com.google.android.gms/app_chimera/m/00000013/dl-Appsearch.optional_261133100800.dm': No such file or directory
04-03 04:23:32.007 W/ziparchive(  323): Unable to open '/data/user_de/0/com.google.android.gms/app_chimera/m/00000008/dl-MlkitOcrCommon.optional_231818100800.dm': No such file or directory
04-03 04:23:32.008 W/ziparchive(  323): Unable to open '/data/user_de/0/com.google.android.gms/app_chimera/m/00000008/dl-MlkitOcrCommon.optional_231818100800.dm': No such file or directory
04-03 04:23:32.008 W/ziparchive(  323): Unable to open '/data/user_de/0/com.google.android.gms/app_chimera/m/00000000/AdsDynamite.dm': No such file or directory
04-03 04:23:32.010 W/ziparchive(  323): Unable to open '/data/user_de/0/com.google.android.gms/app_chimera/m/00000000/AdsDynamite.dm': No such file or directory
04-03 04:23:32.017 W/ziparchive(  323): Unable to open '/data/user_de/0/com.google.android.gms/app_chimera/m/00000007/MeasurementDynamite.dm': No such file or directory
04-03 04:23:32.017 W/ziparchive(  323): Unable to open '/data/user_de/0/com.google.android.gms/app_chimera/m/00000007/MeasurementDynamite.dm': No such file or directory
04-03 04:23:32.245 W/ProcessStats(  564): Tracking association SourceState{9d94b46 com.google.android.apps.nexuslauncher/10160 BTop #22696} whose proc state 2 is better than process ProcessState{69263c7 com.google.android.googlequicksearchbox:googleapp/10132 pkg=com.google.android.googlequicksearchbox} proc state 14 (17 skipped)
04-03 04:23:33.199 D/BoundBrokerSvc( 1191): onUnbind: Intent { act=com.google.android.gms.libs.gmscorelogger.service.START dat=chimera-action:/... cmp=com.google.android.gms/.chimera.PersistentDirectBootAwareApiService }
04-03 04:23:39.582 I/ClipboardListener(  798): Clipboard overlay suppressed.
04-03 04:23:39.583 I/AiAiTranslate( 1338): C2T - not in a conversation
04-03 04:23:39.587 I/ClipboardListener(  798): Clipboard overlay suppressed.
04-03 04:23:40.478 D/StatusBarIconController(  798): ignoring old pipeline callbacks, because the new mobile icons are enabled
04-03 04:23:42.005 W/ziparchive(  323): Unable to open '/data/user_de/0/com.google.android.gms/app_chimera/m/00000012/dl-PlayCloudSearch.optional_261133100000.dm': No such file or directory
04-03 04:23:42.005 W/ziparchive(  323): Unable to open '/data/user_de/0/com.google.android.gms/app_chimera/m/00000012/dl-PlayCloudSearch.optional_261133100000.dm': No such file or directory
04-03 04:23:42.010 W/ziparchive(  323): Unable to open '/data/user_de/0/com.google.android.gms/app_chimera/m/00000004/DynamiteModulesC.dm': No such file or directory
04-03 04:23:42.010 W/ziparchive(  323): Unable to open '/data/user_de/0/com.google.android.gms/app_chimera/m/00000004/DynamiteModulesC.dm': No such file or directory
04-03 04:23:42.011 W/ziparchive(  323): Unable to open '/data/user_de/0/com.google.android.gms/app_chimera/m/0000000c/dl-VisionOcrDynamite.integ_231602402100000.dm': No such file or directory
04-03 04:23:42.012 W/ziparchive(  323): Unable to open '/data/user_de/0/com.google.android.gms/app_chimera/m/0000000c/dl-VisionOcrDynamite.integ_231602402100000.dm': No such file or directory
04-03 04:23:42.017 W/ziparchive(  323): Unable to open '/data/user_de/0/com.google.android.gms/app_chimera/m/00000001/CronetDynamite.dm': No such file or directory
04-03 04:23:42.018 W/ziparchive(  323): Unable to open '/data/user_de/0/com.google.android.gms/app_chimera/m/00000001/CronetDynamite.dm': No such file or directory
04-03 04:23:42.020 W/ziparchive(  323): Unable to open '/data/user_de/0/com.google.android.gms/app_chimera/m/00000010/dl-MlkitOcrCommon.optional_261133100800.dm': No such file or directory
04-03 04:23:42.020 W/ziparchive(  323): Unable to open '/data/user_de/0/com.google.android.gms/app_chimera/m/00000010/dl-MlkitOcrCommon.optional_261133100800.dm': No such file or directory
04-03 04:23:42.024 W/ziparchive(  323): Unable to open '/data/user_de/0/com.google.android.gms/app_chimera/m/0000000b/dl-TfliteDynamiteDynamite.integ_252130102100800.dm': No such file or directory
04-03 04:23:42.024 W/ziparchive(  323): Unable to open '/data/user_de/0/com.google.android.gms/app_chimera/m/0000000b/dl-TfliteDynamiteDynamite.integ_252130102100800.dm': No such file or directory
04-03 04:23:42.027 W/ziparchive(  323): Unable to open '/data/user_de/0/com.google.android.gms/app_chimera/m/00000002/DynamiteLoader.dm': No such file or directory
04-03 04:23:42.028 W/ziparchive(  323): Unable to open '/data/user_de/0/com.google.android.gms/app_chimera/m/00000002/DynamiteLoader.dm': No such file or directory
04-03 04:23:42.031 W/ziparchive(  323): Unable to open '/data/user_de/0/com.google.android.gms/app_chimera/m/00000005/GoogleCertificates.dm': No such file or directory
04-03 04:23:42.033 W/ziparchive(  323): Unable to open '/data/user_de/0/com.google.android.gms/app_chimera/m/00000005/GoogleCertificates.dm': No such file or directory
04-03 04:23:42.036 W/ziparchive(  323): Unable to open '/data/user_de/0/com.google.android.gms/app_chimera/m/0000000f/dl-VisionOcr.optional_261133100000.dm': No such file or directory
04-03 04:23:42.037 W/ziparchive(  323): Unable to open '/data/user_de/0/com.google.android.gms/app_chimera/m/0000000f/dl-VisionOcr.optional_261133100000.dm': No such file or directory
04-03 04:23:42.041 W/ziparchive(  323): Unable to open '/data/user_de/0/com.google.android.gms/app_chimera/m/0000000a/dl-MlkitBarcodeUi.optional_231818100000.dm': No such file or directory
