04-03 04:25:02.132 W/ziparchive(  323): Unable to open '/data/user_de/0/com.google.android.gms/app_chimera/m/00000010/dl-MlkitOcrCommon.optional_261133100800.dm': No such file or directory
04-03 04:25:02.135 W/ziparchive(  323): Unable to open '/data/user_de/0/com.google.android.gms/app_chimera/m/0000000b/dl-TfliteDynamiteDynamite.integ_252130102100800.dm': No such file or directory
04-03 04:25:02.136 W/ziparchive(  323): Unable to open '/data/user_de/0/com.google.android.gms/app_chimera/m/0000000b/dl-TfliteDynamiteDynamite.integ_252130102100800.dm': No such file or directory
04-03 04:25:02.143 W/ziparchive(  323): Unable to open '/data/user_de/0/com.google.android.gms/app_chimera/m/00000002/DynamiteLoader.dm': No such file or directory
04-03 04:25:02.143 W/ziparchive(  323): Unable to open '/data/user_de/0/com.google.android.gms/app_chimera/m/00000002/DynamiteLoader.dm': No such file or directory
04-03 04:25:02.147 W/ziparchive(  323): Unable to open '/data/user_de/0/com.google.android.gms/app_chimera/m/00000005/GoogleCertificates.dm': No such file or directory
04-03 04:25:02.148 W/ziparchive(  323): Unable to open '/data/user_de/0/com.google.android.gms/app_chimera/m/00000005/GoogleCertificates.dm': No such file or directory
04-03 04:25:02.155 W/ziparchive(  323): Unable to open '/data/user_de/0/com.google.android.gms/app_chimera/m/0000000f/dl-VisionOcr.optional_261133100000.dm': No such file or directory
04-03 04:25:02.155 W/ziparchive(  323): Unable to open '/data/user_de/0/com.google.android.gms/app_chimera/m/0000000f/dl-VisionOcr.optional_261133100000.dm': No such file or directory
04-03 04:25:02.157 W/ziparchive(  323): Unable to open '/data/user_de/0/com.google.android.gms/app_chimera/m/0000000a/dl-MlkitBarcodeUi.optional_231818100000.dm': No such file or directory
04-03 04:25:02.157 W/ziparchive(  323): Unable to open '/data/user_de/0/com.google.android.gms/app_chimera/m/0000000a/dl-MlkitBarcodeUi.optional_231818100000.dm': No such file or directory
04-03 04:25:02.160 W/ziparchive(  323): Unable to open '/data/user_de/0/com.google.android.gms/app_chimera/m/00000011/dl-AdsFdrDynamite.integ_260480602100000.dm': No such file or directory
04-03 04:25:02.160 W/ziparchive(  323): Unable to open '/data/user_de/0/com.google.android.gms/app_chimera/m/00000011/dl-AdsFdrDynamite.integ_260480602100000.dm': No such file or directory
04-03 04:25:02.164 W/ziparchive(  323): Unable to open '/data/user_de/0/com.google.android.gms/app_chimera/m/00000014/dl-MlkitBarcodeUi.optional_261133100800.dm': No such file or directory
04-03 04:25:02.164 W/ziparchive(  323): Unable to open '/data/user_de/0/com.google.android.gms/app_chimera/m/00000014/dl-MlkitBarcodeUi.optional_261133100800.dm': No such file or directory
04-03 04:25:02.168 W/ziparchive(  323): Unable to open '/data/user_de/0/com.google.android.gms/app_chimera/m/00000013/dl-Appsearch.optional_261133100800.dm': No such file or directory
04-03 04:25:02.168 W/ziparchive(  323): Unable to open '/data/user_de/0/com.google.android.gms/app_chimera/m/00000013/dl-Appsearch.optional_261133100800.dm': No such file or directory
04-03 04:25:02.172 W/ziparchive(  323): Unable to open '/data/user_de/0/com.google.android.gms/app_chimera/m/00000008/dl-MlkitOcrCommon.optional_231818100800.dm': No such file or directory
04-03 04:25:02.172 W/ziparchive(  323): Unable to open '/data/user_de/0/com.google.android.gms/app_chimera/m/00000008/dl-MlkitOcrCommon.optional_231818100800.dm': No such file or directory
04-03 04:25:02.176 W/ziparchive(  323): Unable to open '/data/user_de/0/com.google.android.gms/app_chimera/m/00000000/AdsDynamite.dm': No such file or directory
04-03 04:25:02.177 W/ziparchive(  323): Unable to open '/data/user_de/0/com.google.android.gms/app_chimera/m/00000000/AdsDynamite.dm': No such file or directory
04-03 04:25:02.181 W/ziparchive(  323): Unable to open '/data/user_de/0/com.google.android.gms/app_chimera/m/00000007/MeasurementDynamite.dm': No such file or directory
04-03 04:25:02.182 W/ziparchive(  323): Unable to open '/data/user_de/0/com.google.android.gms/app_chimera/m/00000007/MeasurementDynamite.dm': No such file or directory
04-03 04:25:10.479 D/StatusBarIconController(  798): ignoring old pipeline callbacks, because the new mobile icons are enabled
04-03 04:25:12.132 W/ziparchive(  323): Unable to open '/data/user_de/0/com.google.android.gms/app_chimera/m/00000012/dl-PlayCloudSearch.optional_261133100000.dm': No such file or directory
04-03 04:25:12.133 W/ziparchive(  323): Unable to open '/data/user_de/0/com.google.android.gms/app_chimera/m/00000012/dl-PlayCloudSearch.optional_261133100000.dm': No such file or directory
04-03 04:25:12.135 W/ziparchive(  323): Unable to open '/data/user_de/0/com.google.android.gms/app_chimera/m/00000004/DynamiteModulesC.dm': No such file or directory
04-03 04:25:12.135 W/ziparchive(  323): Unable to open '/data/user_de/0/com.google.android.gms/app_chimera/m/00000004/DynamiteModulesC.dm': No such file or directory
04-03 04:25:12.136 W/ziparchive(  323): Unable to open '/data/user_de/0/com.google.android.gms/app_chimera/m/0000000c/dl-VisionOcrDynamite.integ_231602402100000.dm': No such file or directory
04-03 04:25:12.136 W/ziparchive(  323): Unable to open '/data/user_de/0/com.google.android.gms/app_chimera/m/0000000c/dl-VisionOcrDynamite.integ_231602402100000.dm': No such file or directory
04-03 04:25:12.139 W/ziparchive(  323): Unable to open '/data/user_de/0/com.google.android.gms/app_chimera/m/00000001/CronetDynamite.dm': No such file or directory
04-03 04:25:12.139 W/ziparchive(  323): Unable to open '/data/user_de/0/com.google.android.gms/app_chimera/m/00000001/CronetDynamite.dm': No such file or directory
04-03 04:25:12.142 W/ziparchive(  323): Unable to open '/data/user_de/0/com.google.android.gms/app_chimera/m/00000010/dl-MlkitOcrCommon.optional_261133100800.dm': No such file or directory
04-03 04:25:12.144 W/ziparchive(  323): Unable to open '/data/user_de/0/com.google.android.gms/app_chimera/m/00000010/dl-MlkitOcrCommon.optional_261133100800.dm': No such file or directory
04-03 04:25:12.149 W/ziparchive(  323): Unable to open '/data/user_de/0/com.google.android.gms/app_chimera/m/0000000b/dl-TfliteDynamiteDynamite.integ_252130102100800.dm': No such file or directory
04-03 04:25:12.149 W/ziparchive(  323): Unable to open '/data/user_de/0/com.google.android.gms/app_chimera/m/0000000b/dl-TfliteDynamiteDynamite.integ_252130102100800.dm': No such file or directory
04-03 04:25:12.150 W/ziparchive(  323): Unable to open '/data/user_de/0/com.google.android.gms/app_chimera/m/00000002/DynamiteLoader.dm': No such file or directory
04-03 04:25:12.151 W/ziparchive(  323): Unable to open '/data/user_de/0/com.google.android.gms/app_chimera/m/00000002/DynamiteLoader.dm': No such file or directory
04-03 04:25:12.153 W/ziparchive(  323): Unable to open '/data/user_de/0/com.google.android.gms/app_chimera/m/00000005/GoogleCertificates.dm': No such file or directory
04-03 04:25:12.155 W/ziparchive(  323): Unable to open '/data/user_de/0/com.google.android.gms/app_chimera/m/00000005/GoogleCertificates.dm': No such file or directory
04-03 04:25:12.159 W/ziparchive(  323): Unable to open '/data/user_de/0/com.google.android.gms/app_chimera/m/0000000f/dl-VisionOcr.optional_261133100000.dm': No such file or directory
04-03 04:25:12.159 W/ziparchive(  323): Unable to open '/data/user_de/0/com.google.android.gms/app_chimera/m/0000000f/dl-VisionOcr.optional_261133100000.dm': No such file or directory
04-03 04:25:12.160 W/ziparchive(  323): Unable to open '/data/user_de/0/com.google.android.gms/app_chimera/m/0000000a/dl-MlkitBarcodeUi.optional_231818100000.dm': No such file or directory
04-03 04:25:12.160 W/ziparchive(  323): Unable to open '/data/user_de/0/com.google.android.gms/app_chimera/m/0000000a/dl-MlkitBarcodeUi.optional_231818100000.dm': No such file or directory
04-03 04:25:12.161 W/ziparchive(  323): Unable to open '/data/user_de/0/com.google.android.gms/app_chimera/m/00000011/dl-AdsFdrDynamite.integ_260480602100000.dm': No such file or directory
04-03 04:25:12.162 W/ziparchive(  323): Unable to open '/data/user_de/0/com.google.android.gms/app_chimera/m/00000011/dl-AdsFdrDynamite.integ_260480602100000.dm': No such file or directory
04-03 04:25:12.166 W/ziparchive(  323): Unable to open '/data/user_de/0/com.google.android.gms/app_chimera/m/00000014/dl-MlkitBarcodeUi.optional_261133100800.dm': No such file or directory
04-03 04:25:12.166 W/ziparchive(  323): Unable to open '/data/user_de/0/com.google.android.gms/app_chimera/m/00000014/dl-MlkitBarcodeUi.optional_261133100800.dm': No such file or directory
04-03 04:25:12.169 W/ziparchive(  323): Unable to open '/data/user_de/0/com.google.android.gms/app_chimera/m/00000013/dl-Appsearch.optional_261133100800.dm': No such file or directory
04-03 04:25:12.169 W/ziparchive(  323): Unable to open '/data/user_de/0/com.google.android.gms/app_chimera/m/00000013/dl-Appsearch.optional_261133100800.dm': No such file or directory
04-03 04:25:12.170 W/ziparchive(  323): Unable to open '/data/user_de/0/com.google.android.gms/app_chimera/m/00000008/dl-MlkitOcrCommon.optional_231818100800.dm': No such file or directory
04-03 04:25:12.170 W/ziparchive(  323): Unable to open '/data/user_de/0/com.google.android.gms/app_chimera/m/00000008/dl-MlkitOcrCommon.optional_231818100800.dm': No such file or directory
04-03 04:25:12.172 W/ziparchive(  323): Unable to open '/data/user_de/0/com.google.android.gms/app_chimera/m/00000000/AdsDynamite.dm': No such file or directory
04-03 04:25:12.172 W/ziparchive(  323): Unable to open '/data/user_de/0/com.google.android.gms/app_chimera/m/00000000/AdsDynamite.dm': No such file or directory
04-03 04:25:12.178 W/ziparchive(  323): Unable to open '/data/user_de/0/com.google.android.gms/app_chimera/m/00000007/MeasurementDynamite.dm': No such file or directory
04-03 04:25:12.180 W/ziparchive(  323): Unable to open '/data/user_de/0/com.google.android.gms/app_chimera/m/00000007/MeasurementDynamite.dm': No such file or directory
04-03 04:25:17.371 W/Settings( 1191): Setting airplane_mode_on has moved from android.provider.Settings.System to android.provider.Settings.Global, returning read-only value.
04-03 04:25:17.377 W/SystemServiceRegistry( 1191): No service published for: wifirtt
04-03 04:25:18.176 D/WifiNl80211Manager(  564): Scan result ready event
04-03 04:25:18.176 D/WifiNative(  564): Scan result ready event
04-03 04:25:18.187 I/ActivityScheduler( 1191): nextTriggerTime: 38157108, in 120994ms, detectorType: 39, FULL_TYPE alarmWindowMillis: 80000
04-03 04:25:18.192 W/ProcessStats(  564): Tracking association SourceState{9d94b46 com.google.android.apps.nexuslauncher/10160 BTop #22701} whose proc state 2 is better than process ProcessState{69263c7 com.google.android.googlequicksearchbox:googleapp/10132 pkg=com.google.android.googlequicksearchbox} proc state 14 (2 skipped)
04-03 04:25:18.192 I/FrewleTileCacheManagerV( 1191): (REDACTED) Fetched %d AP models from cache
04-03 04:25:18.193 I/FrewleTileCacheManagerV( 1191): (REDACTED) Fetched %d AP models from cache
04-03 04:25:18.195 D/BoundBrokerSvc( 1191): onRebind: Intent { act=com.google.android.gms.common.telemetry.service.START dat=chimera-action:/... cmp=com.google.android.gms/.chimera.PersistentApiService }
04-03 04:25:18.199 I/FrewleTileCacheManagerV( 1191): (REDACTED) Fetched %d AP models from cache
04-03 04:25:18.199 I/FrewleTileCacheManagerV( 1191): (REDACTED) Fetched %d AP models from cache
04-03 04:25:18.199 I/FrewleTileCacheManagerV( 1191): (REDACTED) Fetched %d AP models from cache
04-03 04:25:18.211 W/GLSUser ( 1191): [DeviceKeyStore] Cannot load key: Device key file not found.
04-03 04:25:18.273 D/ActivityManager(  564): sync unfroze 22775 com.google.android.gms.unstable for 6
04-03 04:25:18.310 D/TrafficStats(22775): tagSocket(85) with statsTag=0x1809, statsUid=-1
04-03 04:25:18.332 W/libc    (22775): Access denied finding property "persist.adb.tls_server.enable"
04-03 04:25:18.332 W/libc    (22775): Access denied finding property "service.adb.tls.port"
04-03 04:25:18.330 W/binder:22775_B(22775): type=1400 audit(0.0:217): avc:  denied  { read } for  name="u:object_r:system_adbd_prop:s0" dev="tmpfs" ino=291 scontext=u:r:gmscore_app:s0:c512,c768 tcontext=u:object_r:system_adbd_prop:s0 tclass=file permissive=0 app=com.google.android.gms
04-03 04:25:18.330 W/binder:22775_B(22775): type=1400 audit(0.0:218): avc:  denied  { read } for  name="u:object_r:adbd_prop:s0" dev="tmpfs" ino=59 scontext=u:r:gmscore_app:s0:c512,c768 tcontext=u:object_r:adbd_prop:s0 tclass=file permissive=0 app=com.google.android.gms
04-03 04:25:18.347 W/GmsUrlRequestImpl( 1191): [https://android.googleapis.com/auth/devicekey] Content-Type header is overwritten.
04-03 04:25:18.364 D/TrafficStats( 1191): tagSocket(138) with statsTag=0x4000401, statsUid=10129
04-03 04:25:18.502 W/GLSUser ( 1191): [AppCertManager] Exception while requesting key: 
04-03 04:25:18.502 W/GLSUser ( 1191): java.util.concurrent.ExecutionException: cuwk: Parsing Exception
04-03 04:25:18.502 W/GLSUser ( 1191): 	at heiq.j(:com.google.android.gms@261133032@26.11.33 (190800-887465546):21)
04-03 04:25:18.502 W/GLSUser ( 1191): 	at heiz.u(:com.google.android.gms@261133032@26.11.33 (190800-887465546):71)
04-03 04:25:18.502 W/GLSUser ( 1191): 	at alpr.b(:com.google.android.gms@261133032@26.11.33 (190800-887465546):439)
04-03 04:25:18.502 W/GLSUser ( 1191): 	at alpp.a(:com.google.android.gms@261133032@26.11.33 (190800-887465546):67)
04-03 04:25:18.502 W/GLSUser ( 1191): 	at alpl.a(:com.google.android.gms@261133032@26.11.33 (190800-887465546):3)
04-03 04:25:18.502 W/GLSUser ( 1191): 	at alpn.a(:com.google.android.gms@261133032@26.11.33 (190800-887465546):58)
04-03 04:25:18.502 W/GLSUser ( 1191): 	at alpn.b(:com.google.android.gms@261133032@26.11.33 (190800-887465546):21)
04-03 04:25:18.502 W/GLSUser ( 1191): 	at bhmc.m(:com.google.android.gms@261133032@26.11.33 (190800-887465546):13)
04-03 04:25:18.502 W/GLSUser ( 1191): 	at bhmr.f(:com.google.android.gms@261133032@26.11.33 (190800-887465546):10)
04-03 04:25:18.502 W/GLSUser ( 1191): 	at glpf.a(:com.google.android.gms@261133032@26.11.33 (190800-887465546):45)
04-03 04:25:18.502 W/GLSUser ( 1191): 	at gloz.b(:com.google.android.gms@261133032@26.11.33 (190800-887465546):293)
04-03 04:25:18.502 W/GLSUser ( 1191): 	at gnhy.call(:com.google.android.gms@261133032@26.11.33 (190800-887465546):1001)
04-03 04:25:18.502 W/GLSUser ( 1191): 	at java.util.concurrent.FutureTask.run(FutureTask.java:264)
04-03 04:25:18.502 W/GLSUser ( 1191): 	at bhtd.c(:com.google.android.gms@261133032@26.11.33 (190800-887465546):50)
04-03 04:25:18.502 W/GLSUser ( 1191): 	at bhtd.run(:com.google.android.gms@261133032@26.11.33 (190800-887465546):73)
04-03 04:25:18.502 W/GLSUser ( 1191): 	at java.util.concurrent.ThreadPoolExecutor.runWorker(ThreadPoolExecutor.java:1145)
04-03 04:25:18.502 W/GLSUser ( 1191): 	at java.util.concurrent.ThreadPoolExecutor$Worker.run(ThreadPoolExecutor.java:644)
04-03 04:25:18.502 W/GLSUser ( 1191): 	at bhyu.run(:com.google.android.gms@261133032@26.11.33 (190800-887465546):8)
04-03 04:25:18.502 W/GLSUser ( 1191): 	at java.lang.Thread.run(Thread.java:1012)
04-03 04:25:18.502 W/GLSUser ( 1191): Caused by: cuwk: Parsing Exception
04-03 04:25:18.502 W/GLSUser ( 1191): 	at cuxp.a(:com.google.android.gms@261133032@26.11.33 (190800-887465546):15)
04-03 04:25:18.502 W/GLSUser ( 1191): 	at heli.run(:com.google.android.gms@261133032@26.11.33 (190800-887465546):47)
04-03 04:25:18.502 W/GLSUser ( 1191): 	at bhtd.c(:com.google.android.gms@261133032@26.11.33 (190800-887465546):50)
04-03 04:25:18.502 W/GLSUser ( 1191): 	at bhtd.run(:com.google.android.gms@261133032@26.11.33 (190800-887465546):92)
04-03 04:25:18.502 W/GLSUser ( 1191): 	... 4 more
04-03 04:25:18.502 W/GLSUser ( 1191): Caused by: iofz: Protocol message end-group tag did not match expected tag.
04-03 04:25:18.502 W/GLSUser ( 1191): 	at ioia.a(:com.google.android.gms@261133032@26.11.33 (190800-887465546):62)
04-03 04:25:18.502 W/GLSUser ( 1191): 	at iogx.l(:com.google.android.gms@261133032@26.11.33 (190800-887465546):60)
04-03 04:25:18.502 W/GLSUser ( 1191): 	at ioey.s(:com.google.android.gms@261133032@26.11.33 (190800-887465546):19)
04-03 04:25:18.502 W/GLSUser ( 1191): 	at iocs.f(:com.google.android.gms@261133032@26.11.33 (190800-887465546):5)
04-03 04:25:18.502 W/GLSUser ( 1191): 	at iocs.c(:com.google.android.gms@261133032@26.11.33 (190800-887465546):1)
04-03 04:25:18.502 W/GLSUser ( 1191): 	at iocs.o(:com.google.android.gms@261133032@26.11.33 (190800-887465546):1)
04-03 04:25:18.502 W/GLSUser ( 1191): 	at cuxo.a(:com.google.android.gms@261133032@26.11.33 (190800-887465546):15)
04-03 04:25:18.502 W/GLSUser ( 1191): 	at cuxt.call(:com.google.android.gms@261133032@26.11.33 (190800-887465546):8)
04-03 04:25:18.502 W/GLSUser ( 1191): 	at java.util.concurrent.FutureTask.run(FutureTask.java:264)
04-03 04:25:18.502 W/GLSUser ( 1191): 	at bhtd.c(:com.google.android.gms@261133032@26.11.33 (190800-887465546):50)
04-03 04:25:18.502 W/GLSUser ( 1191): 	at bhtd.run(:com.google.android.gms@261133032@26.11.33 (190800-887465546):73)
04-03 04:25:18.502 W/GLSUser ( 1191): 	... 4 more
04-03 04:25:18.503 W/GLSUser ( 1191): [DeviceKeyStore] Cannot load key: Device key file not found.
04-03 04:25:18.503 D/TrafficStats( 1191): tagSocket(145) with statsTag=0x4000609, statsUid=10125
04-03 04:25:18.514 W/Conscrypt( 1191): Could not set socket write timeout: java.net.SocketException: Socket closed
04-03 04:25:18.514 W/Conscrypt( 1191): 	at com.google.android.gms.org.conscrypt.Platform.setSocketWriteTimeout(:com.google.android.gms@261133032@26.11.33 (190800-887465546):204)
04-03 04:25:18.514 W/Conscrypt( 1191): 	at com.google.android.gms.org.conscrypt.ConscryptFileDescriptorSocket.setSoWriteTimeout(:com.google.android.gms@261133032@26.11.33 (190800-887465546):4)
04-03 04:25:18.572 W/Conscrypt( 1191): Could not set socket write timeout: java.net.SocketException: Socket closed
04-03 04:25:18.572 W/Conscrypt( 1191): 	at com.google.android.gms.org.conscrypt.Platform.setSocketWriteTimeout(:com.google.android.gms@261133032@26.11.33 (190800-887465546):204)
04-03 04:25:18.572 W/Conscrypt( 1191): 	at com.google.android.gms.org.conscrypt.ConscryptFileDescriptorSocket.setSoWriteTimeout(:com.google.android.gms@261133032@26.11.33 (190800-887465546):4)
04-03 04:25:18.650 W/GlsClientGrpc( 1191): Voilatile gRPC failure INVALID_ARGUMENT: Application credential header not valid. Please fix the client to pass a valid application credential header. [CONTEXT service_id=6 ]
04-03 04:25:18.650 W/GlsClientGrpc( 1191): jkqt: INVALID_ARGUMENT: Application credential header not valid. Please fix the client to pass a valid application credential header.
04-03 04:25:18.650 W/GlsClientGrpc( 1191): 	at bhmr.r(:com.google.android.gms@261133032@26.11.33 (190800-887465546):31)
04-03 04:25:18.650 W/GlsClientGrpc( 1191): 	at bhmr.f(:com.google.android.gms@261133032@26.11.33 (190800-887465546):90)
04-03 04:25:18.650 W/GlsClientGrpc( 1191): 	at glpf.a(:com.google.android.gms@261133032@26.11.33 (190800-887465546):45)
04-03 04:25:18.650 W/GlsClientGrpc( 1191): 	at gloz.b(:com.google.android.gms@261133032@26.11.33 (190800-887465546):293)
04-03 04:25:18.650 W/GlsClientGrpc( 1191): 	at gnhy.call(:com.google.android.gms@261133032@26.11.33 (190800-887465546):1001)
04-03 04:25:18.650 W/GlsClientGrpc( 1191): 	at java.util.concurrent.FutureTask.run(FutureTask.java:264)
04-03 04:25:18.650 W/GlsClientGrpc( 1191): 	at bhtd.c(:com.google.android.gms@261133032@26.11.33 (190800-887465546):50)
04-03 04:25:18.650 W/GlsClientGrpc( 1191): 	at bhtd.run(:com.google.android.gms@261133032@26.11.33 (190800-887465546):73)
04-03 04:25:18.650 W/GlsClientGrpc( 1191): 	at java.util.concurrent.ThreadPoolExecutor.runWorker(ThreadPoolExecutor.java:1145)
04-03 04:25:18.650 W/GlsClientGrpc( 1191): 	at java.util.concurrent.ThreadPoolExecutor$Worker.run(ThreadPoolExecutor.java:644)
04-03 04:25:18.650 W/GlsClientGrpc( 1191): 	at bhyu.run(:com.google.android.gms@261133032@26.11.33 (190800-887465546):8)
04-03 04:25:18.650 W/GlsClientGrpc( 1191): 	at java.lang.Thread.run(Thread.java:1012)
04-03 04:25:18.655 I/FrewleTileCacheManagerV( 1191): (REDACTED) Fetched %d AP models from cache
04-03 04:25:18.655 I/FrewleTileCacheManagerV( 1191): (REDACTED) Fetched %d AP models from cache
04-03 04:25:18.655 I/FrewleTileCacheManagerV( 1191): (REDACTED) Fetched %d AP models from cache
04-03 04:25:18.655 I/FrewleTileCacheManagerV( 1191): (REDACTED) Fetched %d AP models from cache
04-03 04:25:18.655 I/FrewleTileCacheManagerV( 1191): (REDACTED) Fetched %d AP models from cache
04-03 04:25:18.779 D/StatusBarIconController(  798): ignoring old pipeline callback because the new wifi icon is enabled
04-03 04:25:20.480 D/StatusBarIconController(  798): ignoring old pipeline callbacks, because the new mobile icons are enabled
04-03 04:25:20.483 D/EGL_emulation(  798): app_time_stats: avg=20466.16ms min=20466.16ms max=20466.16ms count=1
04-03 04:25:21.783 D/StatusBarIconController(  798): ignoring old pipeline callback because the new wifi icon is enabled
04-03 04:25:22.160 W/ziparchive(  323): Unable to open '/data/user_de/0/com.google.android.gms/app_chimera/m/00000012/dl-PlayCloudSearch.optional_261133100000.dm': No such file or directory
04-03 04:25:22.160 W/ziparchive(  323): Unable to open '/data/user_de/0/com.google.android.gms/app_chimera/m/00000012/dl-PlayCloudSearch.optional_261133100000.dm': No such file or directory
04-03 04:25:22.164 W/ziparchive(  323): Unable to open '/data/user_de/0/com.google.android.gms/app_chimera/m/00000004/DynamiteModulesC.dm': No such file or directory
04-03 04:25:22.164 W/ziparchive(  323): Unable to open '/data/user_de/0/com.google.android.gms/app_chimera/m/00000004/DynamiteModulesC.dm': No such file or directory
04-03 04:25:22.165 W/ziparchive(  323): Unable to open '/data/user_de/0/com.google.android.gms/app_chimera/m/0000000c/dl-VisionOcrDynamite.integ_231602402100000.dm': No such file or directory
04-03 04:25:22.167 W/ziparchive(  323): Unable to open '/data/user_de/0/com.google.android.gms/app_chimera/m/0000000c/dl-VisionOcrDynamite.integ_231602402100000.dm': No such file or directory
04-03 04:25:22.168 W/ziparchive(  323): Unable to open '/data/user_de/0/com.google.android.gms/app_chimera/m/00000001/CronetDynamite.dm': No such file or directory
04-03 04:25:22.168 W/ziparchive(  323): Unable to open '/data/user_de/0/com.google.android.gms/app_chimera/m/00000001/CronetDynamite.dm': No such file or directory
04-03 04:25:22.171 W/ziparchive(  323): Unable to open '/data/user_de/0/com.google.android.gms/app_chimera/m/00000010/dl-MlkitOcrCommon.optional_261133100800.dm': No such file or directory
04-03 04:25:22.171 W/ziparchive(  323): Unable to open '/data/user_de/0/com.google.android.gms/app_chimera/m/00000010/dl-MlkitOcrCommon.optional_261133100800.dm': No such file or directory
04-03 04:25:22.175 W/ziparchive(  323): Unable to open '/data/user_de/0/com.google.android.gms/app_chimera/m/0000000b/dl-TfliteDynamiteDynamite.integ_252130102100800.dm': No such file or directory
04-03 04:25:22.176 W/ziparchive(  323): Unable to open '/data/user_de/0/com.google.android.gms/app_chimera/m/0000000b/dl-TfliteDynamiteDynamite.integ_252130102100800.dm': No such file or directory
04-03 04:25:22.180 W/ziparchive(  323): Unable to open '/data/user_de/0/com.google.android.gms/app_chimera/m/00000002/DynamiteLoader.dm': No such file or directory
04-03 04:25:22.180 W/ziparchive(  323): Unable to open '/data/user_de/0/com.google.android.gms/app_chimera/m/00000002/DynamiteLoader.dm': No such file or directory
04-03 04:25:22.182 W/ziparchive(  323): Unable to open '/data/user_de/0/com.google.android.gms/app_chimera/m/00000005/GoogleCertificates.dm': No such file or directory
04-03 04:25:22.182 W/ziparchive(  323): Unable to open '/data/user_de/0/com.google.android.gms/app_chimera/m/00000005/GoogleCertificates.dm': No such file or directory
04-03 04:25:22.188 W/ziparchive(  323): Unable to open '/data/user_de/0/com.google.android.gms/app_chimera/m/0000000f/dl-VisionOcr.optional_261133100000.dm': No such file or directory
04-03 04:25:22.189 W/ziparchive(  323): Unable to open '/data/user_de/0/com.google.android.gms/app_chimera/m/0000000f/dl-VisionOcr.optional_261133100000.dm': No such file or directory
04-03 04:25:22.194 W/ziparchive(  323): Unable to open '/data/user_de/0/com.google.android.gms/app_chimera/m/0000000a/dl-MlkitBarcodeUi.optional_231818100000.dm': No such file or directory
04-03 04:25:22.194 W/ziparchive(  323): Unable to open '/data/user_de/0/com.google.android.gms/app_chimera/m/0000000a/dl-MlkitBarcodeUi.optional_231818100000.dm': No such file or directory
04-03 04:25:22.194 W/ziparchive(  323): Unable to open '/data/user_de/0/com.google.android.gms/app_chimera/m/00000011/dl-AdsFdrDynamite.integ_260480602100000.dm': No such file or directory
04-03 04:25:22.195 W/ziparchive(  323): Unable to open '/data/user_de/0/com.google.android.gms/app_chimera/m/00000011/dl-AdsFdrDynamite.integ_260480602100000.dm': No such file or directory
04-03 04:25:22.197 W/ziparchive(  323): Unable to open '/data/user_de/0/com.google.android.gms/app_chimera/m/00000014/dl-MlkitBarcodeUi.optional_261133100800.dm': No such file or directory
04-03 04:25:22.198 W/ziparchive(  323): Unable to open '/data/user_de/0/com.google.android.gms/app_chimera/m/00000014/dl-MlkitBarcodeUi.optional_261133100800.dm': No such file or directory
04-03 04:25:22.200 W/ziparchive(  323): Unable to open '/data/user_de/0/com.google.android.gms/app_chimera/m/00000013/dl-Appsearch.optional_261133100800.dm': No such file or directory
04-03 04:25:22.202 W/ziparchive(  323): Unable to open '/data/user_de/0/com.google.android.gms/app_chimera/m/00000013/dl-Appsearch.optional_261133100800.dm': No such file or directory
04-03 04:25:22.203 W/ziparchive(  323): Unable to open '/data/user_de/0/com.google.android.gms/app_chimera/m/00000008/dl-MlkitOcrCommon.optional_231818100800.dm': No such file or directory
04-03 04:25:22.204 W/ziparchive(  323): Unable to open '/data/user_de/0/com.google.android.gms/app_chimera/m/00000008/dl-MlkitOcrCommon.optional_231818100800.dm': No such file or directory
04-03 04:25:22.210 W/ziparchive(  323): Unable to open '/data/user_de/0/com.google.android.gms/app_chimera/m/00000000/AdsDynamite.dm': No such file or directory
04-03 04:25:22.210 W/ziparchive(  323): Unable to open '/data/user_de/0/com.google.android.gms/app_chimera/m/00000000/AdsDynamite.dm': No such file or directory
04-03 04:25:22.218 W/ziparchive(  323): Unable to open '/data/user_de/0/com.google.android.gms/app_chimera/m/00000007/MeasurementDynamite.dm': No such file or directory
04-03 04:25:22.218 W/ziparchive(  323): Unable to open '/data/user_de/0/com.google.android.gms/app_chimera/m/00000007/MeasurementDynamite.dm': No such file or directory
04-03 04:25:23.213 D/BoundBrokerSvc( 1191): onUnbind: Intent { act=com.google.android.gms.common.telemetry.service.START dat=chimera-action:/... cmp=com.google.android.gms/.chimera.PersistentApiService }
04-03 04:25:24.788 D/StatusBarIconController(  798): ignoring old pipeline callback because the new wifi icon is enabled
04-03 04:25:27.794 D/StatusBarIconController(  798): ignoring old pipeline callback because the new wifi icon is enabled
04-03 04:25:30.480 D/StatusBarIconController(  798): ignoring old pipeline callbacks, because the new mobile icons are enabled
04-03 04:25:32.152 W/ziparchive(  323): Unable to open '/data/user_de/0/com.google.android.gms/app_chimera/m/00000012/dl-PlayCloudSearch.optional_261133100000.dm': No such file or directory
04-03 04:25:32.152 W/ziparchive(  323): Unable to open '/data/user_de/0/com.google.android.gms/app_chimera/m/00000012/dl-PlayCloudSearch.optional_261133100000.dm': No such file or directory
04-03 04:25:32.154 W/ziparchive(  323): Unable to open '/data/user_de/0/com.google.android.gms/app_chimera/m/00000004/DynamiteModulesC.dm': No such file or directory
04-03 04:25:32.154 W/ziparchive(  323): Unable to open '/data/user_de/0/com.google.android.gms/app_chimera/m/00000004/DynamiteModulesC.dm': No such file or directory
04-03 04:25:32.156 W/ziparchive(  323): Unable to open '/data/user_de/0/com.google.android.gms/app_chimera/m/0000000c/dl-VisionOcrDynamite.integ_231602402100000.dm': No such file or directory
04-03 04:25:32.157 W/ziparchive(  323): Unable to open '/data/user_de/0/com.google.android.gms/app_chimera/m/0000000c/dl-VisionOcrDynamite.integ_231602402100000.dm': No such file or directory
04-03 04:25:32.159 W/ziparchive(  323): Unable to open '/data/user_de/0/com.google.android.gms/app_chimera/m/00000001/CronetDynamite.dm': No such file or directory
04-03 04:25:32.160 W/ziparchive(  323): Unable to open '/data/user_de/0/com.google.android.gms/app_chimera/m/00000001/CronetDynamite.dm': No such file or directory
04-03 04:25:32.163 W/ziparchive(  323): Unable to open '/data/user_de/0/com.google.android.gms/app_chimera/m/00000010/dl-MlkitOcrCommon.optional_261133100800.dm': No such file or directory
04-03 04:25:32.163 W/ziparchive(  323): Unable to open '/data/user_de/0/com.google.android.gms/app_chimera/m/00000010/dl-MlkitOcrCommon.optional_261133100800.dm': No such file or directory
04-03 04:25:32.166 W/ziparchive(  323): Unable to open '/data/user_de/0/com.google.android.gms/app_chimera/m/0000000b/dl-TfliteDynamiteDynamite.integ_252130102100800.dm': No such file or directory
04-03 04:25:32.167 W/ziparchive(  323): Unable to open '/data/user_de/0/com.google.android.gms/app_chimera/m/0000000b/dl-TfliteDynamiteDynamite.integ_252130102100800.dm': No such file or directory
04-03 04:25:32.171 W/ziparchive(  323): Unable to open '/data/user_de/0/com.google.android.gms/app_chimera/m/00000002/DynamiteLoader.dm': No such file or directory
04-03 04:25:32.171 W/ziparchive(  323): Unable to open '/data/user_de/0/com.google.android.gms/app_chimera/m/00000002/DynamiteLoader.dm': No such file or directory
04-03 04:25:32.174 W/ziparchive(  323): Unable to open '/data/user_de/0/com.google.android.gms/app_chimera/m/00000005/GoogleCertificates.dm': No such file or directory
04-03 04:25:32.174 W/ziparchive(  323): Unable to open '/data/user_de/0/com.google.android.gms/app_chimera/m/00000005/GoogleCertificates.dm': No such file or directory
04-03 04:25:32.179 W/ziparchive(  323): Unable to open '/data/user_de/0/com.google.android.gms/app_chimera/m/0000000f/dl-VisionOcr.optional_261133100000.dm': No such file or directory
04-03 04:25:32.179 W/ziparchive(  323): Unable to open '/data/user_de/0/com.google.android.gms/app_chimera/m/0000000f/dl-VisionOcr.optional_261133100000.dm': No such file or directory
04-03 04:25:32.183 W/ziparchive(  323): Unable to open '/data/user_de/0/com.google.android.gms/app_chimera/m/0000000a/dl-MlkitBarcodeUi.optional_231818100000.dm': No such file or directory
04-03 04:25:32.184 W/ziparchive(  323): Unable to open '/data/user_de/0/com.google.android.gms/app_chimera/m/0000000a/dl-MlkitBarcodeUi.optional_231818100000.dm': No such file or directory
04-03 04:25:32.184 W/ziparchive(  323): Unable to open '/data/user_de/0/com.google.android.gms/app_chimera/m/00000011/dl-AdsFdrDynamite.integ_260480602100000.dm': No such file or directory
04-03 04:25:32.184 W/ziparchive(  323): Unable to open '/data/user_de/0/com.google.android.gms/app_chimera/m/00000011/dl-AdsFdrDynamite.integ_260480602100000.dm': No such file or directory
04-03 04:25:32.188 W/ziparchive(  323): Unable to open '/data/user_de/0/com.google.android.gms/app_chimera/m/00000014/dl-MlkitBarcodeUi.optional_261133100800.dm': No such file or directory
04-03 04:25:32.188 W/ziparchive(  323): Unable to open '/data/user_de/0/com.google.android.gms/app_chimera/m/00000014/dl-MlkitBarcodeUi.optional_261133100800.dm': No such file or directory
04-03 04:25:32.191 W/ziparchive(  323): Unable to open '/data/user_de/0/com.google.android.gms/app_chimera/m/00000013/dl-Appsearch.optional_261133100800.dm': No such file or directory
04-03 04:25:32.192 W/ziparchive(  323): Unable to open '/data/user_de/0/com.google.android.gms/app_chimera/m/00000013/dl-Appsearch.optional_261133100800.dm': No such file or directory
04-03 04:25:32.195 W/ziparchive(  323): Unable to open '/data/user_de/0/com.google.android.gms/app_chimera/m/00000008/dl-MlkitOcrCommon.optional_231818100800.dm': No such file or directory
04-03 04:25:32.195 W/ziparchive(  323): Unable to open '/data/user_de/0/com.google.android.gms/app_chimera/m/00000008/dl-MlkitOcrCommon.optional_231818100800.dm': No such file or directory
04-03 04:25:32.199 W/ziparchive(  323): Unable to open '/data/user_de/0/com.google.android.gms/app_chimera/m/00000000/AdsDynamite.dm': No such file or directory
04-03 04:25:32.203 W/ziparchive(  323): Unable to open '/data/user_de/0/com.google.android.gms/app_chimera/m/00000000/AdsDynamite.dm': No such file or directory
04-03 04:25:32.208 W/ziparchive(  323): Unable to open '/data/user_de/0/com.google.android.gms/app_chimera/m/00000007/MeasurementDynamite.dm': No such file or directory
04-03 04:25:32.208 W/ziparchive(  323): Unable to open '/data/user_de/0/com.google.android.gms/app_chimera/m/00000007/MeasurementDynamite.dm': No such file or directory
04-03 04:25:33.313 W/ProcessStats(  564): Tracking association SourceState{9d94b46 com.google.android.apps.nexuslauncher/10160 BTop #22716} whose proc state 2 is better than process ProcessState{69263c7 com.google.android.googlequicksearchbox:googleapp/10132 pkg=com.google.android.googlequicksearchbox} proc state 14 (38 skipped)
04-03 04:25:33.370 D/ActivityManager(  564): freezing 22775 com.google.android.gms.unstable
04-03 04:25:36.811 D/StatusBarIconController(  798): ignoring old pipeline callback because the new wifi icon is enabled
04-03 04:25:39.816 D/StatusBarIconController(  798): ignoring old pipeline callback because the new wifi icon is enabled
04-03 04:25:40.481 D/StatusBarIconController(  798): ignoring old pipeline callbacks, because the new mobile icons are enabled
04-03 04:25:42.108 W/ziparchive(  323): Unable to open '/data/user_de/0/com.google.android.gms/app_chimera/m/00000012/dl-PlayCloudSearch.optional_261133100000.dm': No such file or directory
04-03 04:25:42.108 W/ziparchive(  323): Unable to open '/data/user_de/0/com.google.android.gms/app_chimera/m/00000012/dl-PlayCloudSearch.optional_261133100000.dm': No such file or directory
04-03 04:25:42.115 W/ziparchive(  323): Unable to open '/data/user_de/0/com.google.android.gms/app_chimera/m/00000004/DynamiteModulesC.dm': No such file or directory
04-03 04:25:42.115 W/ziparchive(  323): Unable to open '/data/user_de/0/com.google.android.gms/app_chimera/m/00000004/DynamiteModulesC.dm': No such file or directory
04-03 04:25:42.119 W/ziparchive(  323): Unable to open '/data/user_de/0/com.google.android.gms/app_chimera/m/0000000c/dl-VisionOcrDynamite.integ_231602402100000.dm': No such file or directory
04-03 04:25:42.120 W/ziparchive(  323): Unable to open '/data/user_de/0/com.google.android.gms/app_chimera/m/0000000c/dl-VisionOcrDynamite.integ_231602402100000.dm': No such file or directory
04-03 04:25:42.125 W/ziparchive(  323): Unable to open '/data/user_de/0/com.google.android.gms/app_chimera/m/00000001/CronetDynamite.dm': No such file or directory
04-03 04:25:42.125 W/ziparchive(  323): Unable to open '/data/user_de/0/com.google.android.gms/app_chimera/m/00000001/CronetDynamite.dm': No such file or directory
04-03 04:25:42.129 W/ziparchive(  323): Unable to open '/data/user_de/0/com.google.android.gms/app_chimera/m/00000010/dl-MlkitOcrCommon.optional_261133100800.dm': No such file or directory
04-03 04:25:42.130 W/ziparchive(  323): Unable to open '/data/user_de/0/com.google.android.gms/app_chimera/m/00000010/dl-MlkitOcrCommon.optional_261133100800.dm': No such file or directory
04-03 04:25:42.133 W/ziparchive(  323): Unable to open '/data/user_de/0/com.google.android.gms/app_chimera/m/0000000b/dl-TfliteDynamiteDynamite.integ_252130102100800.dm': No such file or directory
04-03 04:25:42.135 W/ziparchive(  323): Unable to open '/data/user_de/0/com.google.android.gms/app_chimera/m/0000000b/dl-TfliteDynamiteDynamite.integ_252130102100800.dm': No such file or directory
04-03 04:25:42.135 W/ziparchive(  323): Unable to open '/data/user_de/0/com.google.android.gms/app_chimera/m/00000002/DynamiteLoader.dm': No such file or directory
04-03 04:25:42.135 W/ziparchive(  323): Unable to open '/data/user_de/0/com.google.android.gms/app_chimera/m/00000002/DynamiteLoader.dm': No such file or directory
04-03 04:25:42.140 W/ziparchive(  323): Unable to open '/data/user_de/0/com.google.android.gms/app_chimera/m/00000005/GoogleCertificates.dm': No such file or directory
04-03 04:25:42.140 W/ziparchive(  323): Unable to open '/data/user_de/0/com.google.android.gms/app_chimera/m/00000005/GoogleCertificates.dm': No such file or directory
04-03 04:25:42.142 W/ziparchive(  323): Unable to open '/data/user_de/0/com.google.android.gms/app_chimera/m/0000000f/dl-VisionOcr.optional_261133100000.dm': No such file or directory
04-03 04:25:42.144 W/ziparchive(  323): Unable to open '/data/user_de/0/com.google.android.gms/app_chimera/m/0000000f/dl-VisionOcr.optional_261133100000.dm': No such file or directory
04-03 04:25:42.147 W/ziparchive(  323): Unable to open '/data/user_de/0/com.google.android.gms/app_chimera/m/0000000a/dl-MlkitBarcodeUi.optional_231818100000.dm': No such file or directory
04-03 04:25:42.147 W/ziparchive(  323): Unable to open '/data/user_de/0/com.google.android.gms/app_chimera/m/0000000a/dl-MlkitBarcodeUi.optional_231818100000.dm': No such file or directory
04-03 04:25:42.151 W/ziparchive(  323): Unable to open '/data/user_de/0/com.google.android.gms/app_chimera/m/00000011/dl-AdsFdrDynamite.integ_260480602100000.dm': No such file or directory
04-03 04:25:42.154 W/ziparchive(  323): Unable to open '/data/user_de/0/com.google.android.gms/app_chimera/m/00000011/dl-AdsFdrDynamite.integ_260480602100000.dm': No such file or directory
04-03 04:25:42.159 W/ziparchive(  323): Unable to open '/data/user_de/0/com.google.android.gms/app_chimera/m/00000014/dl-MlkitBarcodeUi.optional_261133100800.dm': No such file or directory
04-03 04:25:42.160 W/ziparchive(  323): Unable to open '/data/user_de/0/com.google.android.gms/app_chimera/m/00000014/dl-MlkitBarcodeUi.optional_261133100800.dm': No such file or directory
04-03 04:25:42.163 W/ziparchive(  323): Unable to open '/data/user_de/0/com.google.android.gms/app_chimera/m/00000013/dl-Appsearch.optional_261133100800.dm': No such file or directory
04-03 04:25:42.163 W/ziparchive(  323): Unable to open '/data/user_de/0/com.google.android.gms/app_chimera/m/00000013/dl-Appsearch.optional_261133100800.dm': No such file or directory
04-03 04:25:42.168 W/ziparchive(  323): Unable to open '/data/user_de/0/com.google.android.gms/app_chimera/m/00000008/dl-MlkitOcrCommon.optional_231818100800.dm': No such file or directory
04-03 04:25:42.168 W/ziparchive(  323): Unable to open '/data/user_de/0/com.google.android.gms/app_chimera/m/00000008/dl-MlkitOcrCommon.optional_231818100800.dm': No such file or directory
04-03 04:25:42.171 W/ziparchive(  323): Unable to open '/data/user_de/0/com.google.android.gms/app_chimera/m/00000000/AdsDynamite.dm': No such file or directory
04-03 04:25:42.172 W/ziparchive(  323): Unable to open '/data/user_de/0/com.google.android.gms/app_chimera/m/00000000/AdsDynamite.dm': No such file or directory
04-03 04:25:42.178 W/ziparchive(  323): Unable to open '/data/user_de/0/com.google.android.gms/app_chimera/m/00000007/MeasurementDynamite.dm': No such file or directory
04-03 04:25:42.178 W/ziparchive(  323): Unable to open '/data/user_de/0/com.google.android.gms/app_chimera/m/00000007/MeasurementDynamite.dm': No such file or directory
04-03 04:25:46.387 I/Finsky  (17648): [45] Stats for Executor: LightweightExecutor vbl@98b87c4[Running, pool size = 3, active threads = 0, queued tasks = 0, completed tasks = 818]
04-03 04:25:46.397 I/Finsky  (17648): [45] Stats for Executor: BlockingExecutor vbl@95eb6ad[Running, pool size = 0, active threads = 0, queued tasks = 0, completed tasks = 143]
04-03 04:25:46.407 I/Finsky  (17648): [45] Stats for Executor: bgExecutor vbl@fcaade2[Running, pool size = 4, active threads = 0, queued tasks = 0, completed tasks = 2463]
04-03 04:25:47.496 I/Finsky  (17648): [45] Stats for Executor: GrpcBackgroundExecutor vbl@989bfeb[Running, pool size = 1, active threads = 0, queued tasks = 0, completed tasks = 1]
04-03 04:25:50.481 D/StatusBarIconController(  798): ignoring old pipeline callbacks, because the new mobile icons are enabled
04-03 04:25:52.110 W/ziparchive(  323): Unable to open '/data/user_de/0/com.google.android.gms/app_chimera/m/00000012/dl-PlayCloudSearch.optional_261133100000.dm': No such file or directory
04-03 04:25:52.110 W/ziparchive(  323): Unable to open '/data/user_de/0/com.google.android.gms/app_chimera/m/00000012/dl-PlayCloudSearch.optional_261133100000.dm': No such file or directory
04-03 04:25:52.113 W/ziparchive(  323): Unable to open '/data/user_de/0/com.google.android.gms/app_chimera/m/00000004/DynamiteModulesC.dm': No such file or directory
04-03 04:25:52.114 W/ziparchive(  323): Unable to open '/data/user_de/0/com.google.android.gms/app_chimera/m/00000004/DynamiteModulesC.dm': No such file or directory
04-03 04:25:52.122 W/ziparchive(  323): Unable to open '/data/user_de/0/com.google.android.gms/app_chimera/m/0000000c/dl-VisionOcrDynamite.integ_231602402100000.dm': No such file or directory
04-03 04:25:52.122 W/ziparchive(  323): Unable to open '/data/user_de/0/com.google.android.gms/app_chimera/m/0000000c/dl-VisionOcrDynamite.integ_231602402100000.dm': No such file or directory
04-03 04:25:52.128 W/ziparchive(  323): Unable to open '/data/user_de/0/com.google.android.gms/app_chimera/m/00000001/CronetDynamite.dm': No such file or directory
04-03 04:25:52.131 W/ziparchive(  323): Unable to open '/data/user_de/0/com.google.android.gms/app_chimera/m/00000001/CronetDynamite.dm': No such file or directory
04-03 04:25:52.134 W/ziparchive(  323): Unable to open '/data/user_de/0/com.google.android.gms/app_chimera/m/00000010/dl-MlkitOcrCommon.optional_261133100800.dm': No such file or directory
04-03 04:25:52.134 W/ziparchive(  323): Unable to open '/data/user_de/0/com.google.android.gms/app_chimera/m/00000010/dl-MlkitOcrCommon.optional_261133100800.dm': No such file or directory
04-03 04:25:52.138 W/ziparchive(  323): Unable to open '/data/user_de/0/com.google.android.gms/app_chimera/m/0000000b/dl-TfliteDynamiteDynamite.integ_252130102100800.dm': No such file or directory
04-03 04:25:52.140 W/ziparchive(  323): Unable to open '/data/user_de/0/com.google.android.gms/app_chimera/m/0000000b/dl-TfliteDynamiteDynamite.integ_252130102100800.dm': No such file or directory
04-03 04:25:52.142 W/ziparchive(  323): Unable to open '/data/user_de/0/com.google.android.gms/app_chimera/m/00000002/DynamiteLoader.dm': No such file or directory
04-03 04:25:52.142 W/ziparchive(  323): Unable to open '/data/user_de/0/com.google.android.gms/app_chimera/m/00000002/DynamiteLoader.dm': No such file or directory
04-03 04:25:52.145 W/ziparchive(  323): Unable to open '/data/user_de/0/com.google.android.gms/app_chimera/m/00000005/GoogleCertificates.dm': No such file or directory
04-03 04:25:52.147 W/ziparchive(  323): Unable to open '/data/user_de/0/com.google.android.gms/app_chimera/m/00000005/GoogleCertificates.dm': No such file or directory
04-03 04:25:52.151 W/ziparchive(  323): Unable to open '/data/user_de/0/com.google.android.gms/app_chimera/m/0000000f/dl-VisionOcr.optional_261133100000.dm': No such file or directory
04-03 04:25:52.151 W/ziparchive(  323): Unable to open '/data/user_de/0/com.google.android.gms/app_chimera/m/0000000f/dl-VisionOcr.optional_261133100000.dm': No such file or directory
04-03 04:25:52.153 W/ziparchive(  323): Unable to open '/data/user_de/0/com.google.android.gms/app_chimera/m/0000000a/dl-MlkitBarcodeUi.optional_231818100000.dm': No such file or directory
04-03 04:25:52.154 W/ziparchive(  323): Unable to open '/data/user_de/0/com.google.android.gms/app_chimera/m/0000000a/dl-MlkitBarcodeUi.optional_231818100000.dm': No such file or directory
04-03 04:25:52.154 W/ziparchive(  323): Unable to open '/data/user_de/0/com.google.android.gms/app_chimera/m/00000011/dl-AdsFdrDynamite.integ_260480602100000.dm': No such file or directory
04-03 04:25:52.154 W/ziparchive(  323): Unable to open '/data/user_de/0/com.google.android.gms/app_chimera/m/00000011/dl-AdsFdrDynamite.integ_260480602100000.dm': No such file or directory
04-03 04:25:52.155 W/ziparchive(  323): Unable to open '/data/user_de/0/com.google.android.gms/app_chimera/m/00000014/dl-MlkitBarcodeUi.optional_261133100800.dm': No such file or directory
04-03 04:25:52.156 W/ziparchive(  323): Unable to open '/data/user_de/0/com.google.android.gms/app_chimera/m/00000014/dl-MlkitBarcodeUi.optional_261133100800.dm': No such file or directory
04-03 04:25:52.157 W/ziparchive(  323): Unable to open '/data/user_de/0/com.google.android.gms/app_chimera/m/00000013/dl-Appsearch.optional_261133100800.dm': No such file or directory
04-03 04:25:52.159 W/ziparchive(  323): Unable to open '/data/user_de/0/com.google.android.gms/app_chimera/m/00000013/dl-Appsearch.optional_261133100800.dm': No such file or directory
04-03 04:25:52.160 W/ziparchive(  323): Unable to open '/data/user_de/0/com.google.android.gms/app_chimera/m/00000008/dl-MlkitOcrCommon.optional_231818100800.dm': No such file or directory
04-03 04:25:52.163 W/ziparchive(  323): Unable to open '/data/user_de/0/com.google.android.gms/app_chimera/m/00000008/dl-MlkitOcrCommon.optional_231818100800.dm': No such file or directory
04-03 04:25:52.164 W/ziparchive(  323): Unable to open '/data/user_de/0/com.google.android.gms/app_chimera/m/00000000/AdsDynamite.dm': No such file or directory
04-03 04:25:52.165 W/ziparchive(  323): Unable to open '/data/user_de/0/com.google.android.gms/app_chimera/m/00000000/AdsDynamite.dm': No such file or directory
04-03 04:25:52.173 W/ziparchive(  323): Unable to open '/data/user_de/0/com.google.android.gms/app_chimera/m/00000007/MeasurementDynamite.dm': No such file or directory
04-03 04:25:52.173 W/ziparchive(  323): Unable to open '/data/user_de/0/com.google.android.gms/app_chimera/m/00000007/MeasurementDynamite.dm': No such file or directory
04-03 04:26:00.003 I/AiAiEcho( 1338): Predicting[0]: 
04-03 04:26:00.003 I/AiAiEcho( 1338): EchoTargets: 
04-03 04:26:00.003 I/AiAiEcho( 1338): Filtered by AiAi flag check: 
04-03 04:26:00.003 I/AiAiEcho( 1338): Ranked targets strategy: SORT, count: 0, ranking metadata: 
04-03 04:26:00.003 I/AiAiEcho( 1338): #postPredictionTargets: Sending updates to UISurface lockscreen with targets# 0 (types=[])
04-03 04:26:00.015 W/PageIndicator(  798): Total number of pages invalid: 0. Assuming 1 page.
04-03 04:26:00.019 D/EGL_emulation(  798): app_time_stats: avg=39536.46ms min=39536.46ms max=39536.46ms count=1
04-03 04:26:00.423 D/WifiNl80211Manager(  564): Scan result ready event
04-03 04:26:00.423 D/WifiNative(  564): Scan result ready event
04-03 04:26:00.498 D/StatusBarIconController(  798): ignoring old pipeline callbacks, because the new mobile icons are enabled
04-03 04:26:02.139 W/ziparchive(  323): Unable to open '/data/user_de/0/com.google.android.gms/app_chimera/m/00000012/dl-PlayCloudSearch.optional_261133100000.dm': No such file or directory
04-03 04:26:02.139 W/ziparchive(  323): Unable to open '/data/user_de/0/com.google.android.gms/app_chimera/m/00000012/dl-PlayCloudSearch.optional_261133100000.dm': No such file or directory
04-03 04:26:02.141 W/ziparchive(  323): Unable to open '/data/user_de/0/com.google.android.gms/app_chimera/m/00000004/DynamiteModulesC.dm': No such file or directory
04-03 04:26:02.141 W/ziparchive(  323): Unable to open '/data/user_de/0/com.google.android.gms/app_chimera/m/00000004/DynamiteModulesC.dm': No such file or directory
04-03 04:26:02.144 W/ziparchive(  323): Unable to open '/data/user_de/0/com.google.android.gms/app_chimera/m/0000000c/dl-VisionOcrDynamite.integ_231602402100000.dm': No such file or directory
04-03 04:26:02.145 W/ziparchive(  323): Unable to open '/data/user_de/0/com.google.android.gms/app_chimera/m/0000000c/dl-VisionOcrDynamite.integ_231602402100000.dm': No such file or directory
04-03 04:26:02.149 W/ziparchive(  323): Unable to open '/data/user_de/0/com.google.android.gms/app_chimera/m/00000001/CronetDynamite.dm