04-03 04:23:42.042 W/ziparchive(  323): Unable to open '/data/user_de/0/com.google.android.gms/app_chimera/m/0000000a/dl-MlkitBarcodeUi.optional_231818100000.dm': No such file or directory
04-03 04:23:42.045 W/ziparchive(  323): Unable to open '/data/user_de/0/com.google.android.gms/app_chimera/m/00000011/dl-AdsFdrDynamite.integ_260480602100000.dm': No such file or directory
04-03 04:23:42.045 W/ziparchive(  323): Unable to open '/data/user_de/0/com.google.android.gms/app_chimera/m/00000011/dl-AdsFdrDynamite.integ_260480602100000.dm': No such file or directory
04-03 04:23:42.052 W/ziparchive(  323): Unable to open '/data/user_de/0/com.google.android.gms/app_chimera/m/00000014/dl-MlkitBarcodeUi.optional_261133100800.dm': No such file or directory
04-03 04:23:42.055 W/ziparchive(  323): Unable to open '/data/user_de/0/com.google.android.gms/app_chimera/m/00000014/dl-MlkitBarcodeUi.optional_261133100800.dm': No such file or directory
04-03 04:23:42.058 W/ziparchive(  323): Unable to open '/data/user_de/0/com.google.android.gms/app_chimera/m/00000013/dl-Appsearch.optional_261133100800.dm': No such file or directory
04-03 04:23:42.058 W/ziparchive(  323): Unable to open '/data/user_de/0/com.google.android.gms/app_chimera/m/00000013/dl-Appsearch.optional_261133100800.dm': No such file or directory
04-03 04:23:42.060 W/ziparchive(  323): Unable to open '/data/user_de/0/com.google.android.gms/app_chimera/m/00000008/dl-MlkitOcrCommon.optional_231818100800.dm': No such file or directory
04-03 04:23:42.061 W/ziparchive(  323): Unable to open '/data/user_de/0/com.google.android.gms/app_chimera/m/00000008/dl-MlkitOcrCommon.optional_231818100800.dm': No such file or directory
04-03 04:23:42.064 W/ziparchive(  323): Unable to open '/data/user_de/0/com.google.android.gms/app_chimera/m/00000000/AdsDynamite.dm': No such file or directory
04-03 04:23:42.067 W/ziparchive(  323): Unable to open '/data/user_de/0/com.google.android.gms/app_chimera/m/00000000/AdsDynamite.dm': No such file or directory
04-03 04:23:42.075 W/ziparchive(  323): Unable to open '/data/user_de/0/com.google.android.gms/app_chimera/m/00000007/MeasurementDynamite.dm': No such file or directory
04-03 04:23:42.075 W/ziparchive(  323): Unable to open '/data/user_de/0/com.google.android.gms/app_chimera/m/00000007/MeasurementDynamite.dm': No such file or directory
04-03 04:23:50.478 D/StatusBarIconController(  798): ignoring old pipeline callbacks, because the new mobile icons are enabled
04-03 04:23:51.737 I/AiAiTranslate( 1338): C2T - not in a conversation
04-03 04:23:51.739 I/ClipboardListener(  798): Clipboard overlay suppressed.
04-03 04:23:51.743 I/ClipboardListener(  798): Clipboard overlay suppressed.
04-03 04:23:52.026 W/ziparchive(  323): Unable to open '/data/user_de/0/com.google.android.gms/app_chimera/m/00000012/dl-PlayCloudSearch.optional_261133100000.dm': No such file or directory
04-03 04:23:52.026 W/ziparchive(  323): Unable to open '/data/user_de/0/com.google.android.gms/app_chimera/m/00000012/dl-PlayCloudSearch.optional_261133100000.dm': No such file or directory
04-03 04:23:52.027 W/ziparchive(  323): Unable to open '/data/user_de/0/com.google.android.gms/app_chimera/m/00000004/DynamiteModulesC.dm': No such file or directory
04-03 04:23:52.028 W/ziparchive(  323): Unable to open '/data/user_de/0/com.google.android.gms/app_chimera/m/00000004/DynamiteModulesC.dm': No such file or directory
04-03 04:23:52.032 W/ziparchive(  323): Unable to open '/data/user_de/0/com.google.android.gms/app_chimera/m/0000000c/dl-VisionOcrDynamite.integ_231602402100000.dm': No such file or directory
04-03 04:23:52.032 W/ziparchive(  323): Unable to open '/data/user_de/0/com.google.android.gms/app_chimera/m/0000000c/dl-VisionOcrDynamite.integ_231602402100000.dm': No such file or directory
04-03 04:23:52.033 W/ziparchive(  323): Unable to open '/data/user_de/0/com.google.android.gms/app_chimera/m/00000001/CronetDynamite.dm': No such file or directory
04-03 04:23:52.034 W/ziparchive(  323): Unable to open '/data/user_de/0/com.google.android.gms/app_chimera/m/00000001/CronetDynamite.dm': No such file or directory
04-03 04:23:52.041 W/ziparchive(  323): Unable to open '/data/user_de/0/com.google.android.gms/app_chimera/m/00000010/dl-MlkitOcrCommon.optional_261133100800.dm': No such file or directory
04-03 04:23:52.041 W/ziparchive(  323): Unable to open '/data/user_de/0/com.google.android.gms/app_chimera/m/00000010/dl-MlkitOcrCommon.optional_261133100800.dm': No such file or directory
04-03 04:23:52.049 W/ziparchive(  323): Unable to open '/data/user_de/0/com.google.android.gms/app_chimera/m/0000000b/dl-TfliteDynamiteDynamite.integ_252130102100800.dm': No such file or directory
04-03 04:23:52.049 W/ziparchive(  323): Unable to open '/data/user_de/0/com.google.android.gms/app_chimera/m/0000000b/dl-TfliteDynamiteDynamite.integ_252130102100800.dm': No such file or directory
04-03 04:23:52.057 W/ziparchive(  323): Unable to open '/data/user_de/0/com.google.android.gms/app_chimera/m/00000002/DynamiteLoader.dm': No such file or directory
04-03 04:23:52.057 W/ziparchive(  323): Unable to open '/data/user_de/0/com.google.android.gms/app_chimera/m/00000002/DynamiteLoader.dm': No such file or directory
04-03 04:23:52.059 W/ziparchive(  323): Unable to open '/data/user_de/0/com.google.android.gms/app_chimera/m/00000005/GoogleCertificates.dm': No such file or directory
04-03 04:23:52.059 W/ziparchive(  323): Unable to open '/data/user_de/0/com.google.android.gms/app_chimera/m/00000005/GoogleCertificates.dm': No such file or directory
04-03 04:23:52.066 W/ziparchive(  323): Unable to open '/data/user_de/0/com.google.android.gms/app_chimera/m/0000000f/dl-VisionOcr.optional_261133100000.dm': No such file or directory
04-03 04:23:52.066 W/ziparchive(  323): Unable to open '/data/user_de/0/com.google.android.gms/app_chimera/m/0000000f/dl-VisionOcr.optional_261133100000.dm': No such file or directory
04-03 04:23:52.071 W/ziparchive(  323): Unable to open '/data/user_de/0/com.google.android.gms/app_chimera/m/0000000a/dl-MlkitBarcodeUi.optional_231818100000.dm': No such file or directory
04-03 04:23:52.071 W/ziparchive(  323): Unable to open '/data/user_de/0/com.google.android.gms/app_chimera/m/0000000a/dl-MlkitBarcodeUi.optional_231818100000.dm': No such file or directory
04-03 04:23:52.075 W/ziparchive(  323): Unable to open '/data/user_de/0/com.google.android.gms/app_chimera/m/00000011/dl-AdsFdrDynamite.integ_260480602100000.dm': No such file or directory
04-03 04:23:52.075 W/ziparchive(  323): Unable to open '/data/user_de/0/com.google.android.gms/app_chimera/m/00000011/dl-AdsFdrDynamite.integ_260480602100000.dm': No such file or directory
04-03 04:23:52.081 W/ziparchive(  323): Unable to open '/data/user_de/0/com.google.android.gms/app_chimera/m/00000014/dl-MlkitBarcodeUi.optional_261133100800.dm': No such file or directory
04-03 04:23:52.083 W/ziparchive(  323): Unable to open '/data/user_de/0/com.google.android.gms/app_chimera/m/00000014/dl-MlkitBarcodeUi.optional_261133100800.dm': No such file or directory
04-03 04:23:52.092 W/ziparchive(  323): Unable to open '/data/user_de/0/com.google.android.gms/app_chimera/m/00000013/dl-Appsearch.optional_261133100800.dm': No such file or directory
04-03 04:23:52.092 W/ziparchive(  323): Unable to open '/data/user_de/0/com.google.android.gms/app_chimera/m/00000013/dl-Appsearch.optional_261133100800.dm': No such file or directory
04-03 04:23:52.097 W/ziparchive(  323): Unable to open '/data/user_de/0/com.google.android.gms/app_chimera/m/00000008/dl-MlkitOcrCommon.optional_231818100800.dm': No such file or directory
04-03 04:23:52.097 W/ziparchive(  323): Unable to open '/data/user_de/0/com.google.android.gms/app_chimera/m/00000008/dl-MlkitOcrCommon.optional_231818100800.dm': No such file or directory
04-03 04:23:52.102 W/ziparchive(  323): Unable to open '/data/user_de/0/com.google.android.gms/app_chimera/m/00000000/AdsDynamite.dm': No such file or directory
04-03 04:23:52.102 W/ziparchive(  323): Unable to open '/data/user_de/0/com.google.android.gms/app_chimera/m/00000000/AdsDynamite.dm': No such file or directory
04-03 04:23:52.110 W/ziparchive(  323): Unable to open '/data/user_de/0/com.google.android.gms/app_chimera/m/00000007/MeasurementDynamite.dm': No such file or directory
04-03 04:23:52.110 W/ziparchive(  323): Unable to open '/data/user_de/0/com.google.android.gms/app_chimera/m/00000007/MeasurementDynamite.dm': No such file or directory
04-03 04:23:57.742 D/androidtc(  564): Initializing SystemTextClassifier, type = System
04-03 04:23:57.743 I/AiAiTextClassifier( 1338): onCreateTextClassificationSession = TextClassificationSessionId {53c48c73-da1c-41f2-bdfb-39448c70ac01}
04-03 04:23:57.746 I/AiAiTranslate( 1338): C2T - not in a conversation
04-03 04:23:57.747 I/AiAiTextClassifier( 1338): GenerateLinks did not find valid links, returning empty result
04-03 04:23:57.747 I/ClipboardListener(  798): Clipboard overlay suppressed.
04-03 04:23:57.754 I/ClipboardListener(  798): Clipboard overlay suppressed.
04-03 04:23:57.760 I/AiAiTextClassifier( 1338): GenerateLinks did not find valid links, returning empty result
04-03 04:24:00.010 I/AiAiEcho( 1338): Predicting[0]: 
04-03 04:24:00.010 I/AiAiEcho( 1338): EchoTargets: 
04-03 04:24:00.010 I/AiAiEcho( 1338): Filtered by AiAi flag check: 
04-03 04:24:00.010 I/AiAiEcho( 1338): Ranked targets strategy: SORT, count: 0, ranking metadata: 
04-03 04:24:00.010 I/AiAiEcho( 1338): #postPredictionTargets: Sending updates to UISurface lockscreen with targets# 0 (types=[])
04-03 04:24:00.016 D/EGL_emulation(  798): app_time_stats: avg=29998.99ms min=481.40ms max=59516.58ms count=2
04-03 04:24:00.016 W/PageIndicator(  798): Total number of pages invalid: 0. Assuming 1 page.
04-03 04:24:00.106 D/androidtc(  564): Initializing SystemTextClassifier, type = System
04-03 04:24:00.110 I/AiAiTextClassifier( 1338): onCreateTextClassificationSession = TextClassificationSessionId {38cfda1a-94fe-4582-b4ff-58dbc87b0bd7}
04-03 04:24:00.110 I/AiAiTranslate( 1338): C2T - not in a conversation
04-03 04:24:00.112 I/AiAiTextClassifier( 1338): GenerateLinks did not find valid links, returning empty result
04-03 04:24:00.115 I/ClipboardListener(  798): Clipboard overlay suppressed.
04-03 04:24:00.127 I/ClipboardListener(  798): Clipboard overlay suppressed.
04-03 04:24:00.134 I/AiAiTextClassifier( 1338): GenerateLinks did not find valid links, returning empty result
04-03 04:24:00.478 D/StatusBarIconController(  798): ignoring old pipeline callbacks, because the new mobile icons are enabled
04-03 04:24:02.008 W/ziparchive(  323): Unable to open '/data/user_de/0/com.google.android.gms/app_chimera/m/00000012/dl-PlayCloudSearch.optional_261133100000.dm': No such file or directory
04-03 04:24:02.008 W/ziparchive(  323): Unable to open '/data/user_de/0/com.google.android.gms/app_chimera/m/00000012/dl-PlayCloudSearch.optional_261133100000.dm': No such file or directory
04-03 04:24:02.012 W/ziparchive(  323): Unable to open '/data/user_de/0/com.google.android.gms/app_chimera/m/00000004/DynamiteModulesC.dm': No such file or directory
04-03 04:24:02.012 W/ziparchive(  323): Unable to open '/data/user_de/0/com.google.android.gms/app_chimera/m/00000004/DynamiteModulesC.dm': No such file or directory
04-03 04:24:02.017 W/ziparchive(  323): Unable to open '/data/user_de/0/com.google.android.gms/app_chimera/m/0000000c/dl-VisionOcrDynamite.integ_231602402100000.dm': No such file or directory
04-03 04:24:02.018 W/ziparchive(  323): Unable to open '/data/user_de/0/com.google.android.gms/app_chimera/m/0000000c/dl-VisionOcrDynamite.integ_231602402100000.dm': No such file or directory
04-03 04:24:02.019 W/ziparchive(  323): Unable to open '/data/user_de/0/com.google.android.gms/app_chimera/m/00000001/CronetDynamite.dm': No such file or directory
04-03 04:24:02.022 W/ziparchive(  323): Unable to open '/data/user_de/0/com.google.android.gms/app_chimera/m/00000001/CronetDynamite.dm': No such file or directory
04-03 04:24:02.026 W/ziparchive(  323): Unable to open '/data/user_de/0/com.google.android.gms/app_chimera/m/00000010/dl-MlkitOcrCommon.optional_261133100800.dm': No such file or directory
04-03 04:24:02.027 W/ziparchive(  323): Unable to open '/data/user_de/0/com.google.android.gms/app_chimera/m/00000010/dl-MlkitOcrCommon.optional_261133100800.dm': No such file or directory
04-03 04:24:02.031 W/ziparchive(  323): Unable to open '/data/user_de/0/com.google.android.gms/app_chimera/m/0000000b/dl-TfliteDynamiteDynamite.integ_252130102100800.dm': No such file or directory
04-03 04:24:02.031 W/ziparchive(  323): Unable to open '/data/user_de/0/com.google.android.gms/app_chimera/m/0000000b/dl-TfliteDynamiteDynamite.integ_252130102100800.dm': No such file or directory
04-03 04:24:02.036 W/ziparchive(  323): Unable to open '/data/user_de/0/com.google.android.gms/app_chimera/m/00000002/DynamiteLoader.dm': No such file or directory
04-03 04:24:02.036 W/ziparchive(  323): Unable to open '/data/user_de/0/com.google.android.gms/app_chimera/m/00000002/DynamiteLoader.dm': No such file or directory
04-03 04:24:02.041 W/ziparchive(  323): Unable to open '/data/user_de/0/com.google.android.gms/app_chimera/m/00000005/GoogleCertificates.dm': No such file or directory
04-03 04:24:02.043 W/ziparchive(  323): Unable to open '/data/user_de/0/com.google.android.gms/app_chimera/m/00000005/GoogleCertificates.dm': No such file or directory
04-03 04:24:02.045 W/ziparchive(  323): Unable to open '/data/user_de/0/com.google.android.gms/app_chimera/m/0000000f/dl-VisionOcr.optional_261133100000.dm': No such file or directory
04-03 04:24:02.046 W/ziparchive(  323): Unable to open '/data/user_de/0/com.google.android.gms/app_chimera/m/0000000f/dl-VisionOcr.optional_261133100000.dm': No such file or directory
04-03 04:24:02.052 W/ziparchive(  323): Unable to open '/data/user_de/0/com.google.android.gms/app_chimera/m/0000000a/dl-MlkitBarcodeUi.optional_231818100000.dm': No such file or directory
04-03 04:24:02.052 W/ziparchive(  323): Unable to open '/data/user_de/0/com.google.android.gms/app_chimera/m/0000000a/dl-MlkitBarcodeUi.optional_231818100000.dm': No such file or directory
04-03 04:24:02.055 W/ziparchive(  323): Unable to open '/data/user_de/0/com.google.android.gms/app_chimera/m/00000011/dl-AdsFdrDynamite.integ_260480602100000.dm': No such file or directory
04-03 04:24:02.056 W/ziparchive(  323): Unable to open '/data/user_de/0/com.google.android.gms/app_chimera/m/00000011/dl-AdsFdrDynamite.integ_260480602100000.dm': No such file or directory
04-03 04:24:02.063 W/ziparchive(  323): Unable to open '/data/user_de/0/com.google.android.gms/app_chimera/m/00000014/dl-MlkitBarcodeUi.optional_261133100800.dm': No such file or directory
04-03 04:24:02.064 W/ziparchive(  323): Unable to open '/data/user_de/0/com.google.android.gms/app_chimera/m/00000014/dl-MlkitBarcodeUi.optional_261133100800.dm': No such file or directory
04-03 04:24:02.065 W/ziparchive(  323): Unable to open '/data/user_de/0/com.google.android.gms/app_chimera/m/00000013/dl-Appsearch.optional_261133100800.dm': No such file or directory
04-03 04:24:02.065 W/ziparchive(  323): Unable to open '/data/user_de/0/com.google.android.gms/app_chimera/m/00000013/dl-Appsearch.optional_261133100800.dm': No such file or directory
04-03 04:24:02.070 W/ziparchive(  323): Unable to open '/data/user_de/0/com.google.android.gms/app_chimera/m/00000008/dl-MlkitOcrCommon.optional_231818100800.dm': No such file or directory
04-03 04:24:02.072 W/ziparchive(  323): Unable to open '/data/user_de/0/com.google.android.gms/app_chimera/m/00000008/dl-MlkitOcrCommon.optional_231818100800.dm': No such file or directory
04-03 04:24:02.076 W/ziparchive(  323): Unable to open '/data/user_de/0/com.google.android.gms/app_chimera/m/00000000/AdsDynamite.dm': No such file or directory
04-03 04:24:02.076 W/ziparchive(  323): Unable to open '/data/user_de/0/com.google.android.gms/app_chimera/m/00000000/AdsDynamite.dm': No such file or directory
04-03 04:24:02.084 W/ziparchive(  323): Unable to open '/data/user_de/0/com.google.android.gms/app_chimera/m/00000007/MeasurementDynamite.dm': No such file or directory
04-03 04:24:02.084 W/ziparchive(  323): Unable to open '/data/user_de/0/com.google.android.gms/app_chimera/m/00000007/MeasurementDynamite.dm': No such file or directory
04-03 04:24:10.478 D/StatusBarIconController(  798): ignoring old pipeline callbacks, because the new mobile icons are enabled
04-03 04:24:12.050 I/AiAiTextClassifier( 1338): onDestroyTextClassificationSession = TextClassificationSessionId {53c48c73-da1c-41f2-bdfb-39448c70ac01}
04-03 04:24:12.068 W/ziparchive(  323): Unable to open '/data/user_de/0/com.google.android.gms/app_chimera/m/00000012/dl-PlayCloudSearch.optional_261133100000.dm': No such file or directory
04-03 04:24:12.068 W/ziparchive(  323): Unable to open '/data/user_de/0/com.google.android.gms/app_chimera/m/00000012/dl-PlayCloudSearch.optional_261133100000.dm': No such file or directory
04-03 04:24:12.072 W/ziparchive(  323): Unable to open '/data/user_de/0/com.google.android.gms/app_chimera/m/00000004/DynamiteModulesC.dm': No such file or directory
04-03 04:24:12.072 W/ziparchive(  323): Unable to open '/data/user_de/0/com.google.android.gms/app_chimera/m/00000004/DynamiteModulesC.dm': No such file or directory
04-03 04:24:12.076 W/ziparchive(  323): Unable to open '/data/user_de/0/com.google.android.gms/app_chimera/m/0000000c/dl-VisionOcrDynamite.integ_231602402100000.dm': No such file or directory
04-03 04:24:12.076 W/ziparchive(  323): Unable to open '/data/user_de/0/com.google.android.gms/app_chimera/m/0000000c/dl-VisionOcrDynamite.integ_231602402100000.dm': No such file or directory
04-03 04:24:12.080 W/ziparchive(  323): Unable to open '/data/user_de/0/com.google.android.gms/app_chimera/m/00000001/CronetDynamite.dm': No such file or directory
04-03 04:24:12.080 W/ziparchive(  323): Unable to open '/data/user_de/0/com.google.android.gms/app_chimera/m/00000001/CronetDynamite.dm': No such file or directory
04-03 04:24:12.085 W/ziparchive(  323): Unable to open '/data/user_de/0/com.google.android.gms/app_chimera/m/00000010/dl-MlkitOcrCommon.optional_261133100800.dm': No such file or directory
04-03 04:24:12.086 W/ziparchive(  323): Unable to open '/data/user_de/0/com.google.android.gms/app_chimera/m/00000010/dl-MlkitOcrCommon.optional_261133100800.dm': No such file or directory
04-03 04:24:12.091 W/ziparchive(  323): Unable to open '/data/user_de/0/com.google.android.gms/app_chimera/m/0000000b/dl-TfliteDynamiteDynamite.integ_252130102100800.dm': No such file or directory
04-03 04:24:12.092 W/ziparchive(  323): Unable to open '/data/user_de/0/com.google.android.gms/app_chimera/m/0000000b/dl-TfliteDynamiteDynamite.integ_252130102100800.dm': No such file or directory
04-03 04:24:12.095 W/ziparchive(  323): Unable to open '/data/user_de/0/com.google.android.gms/app_chimera/m/00000002/DynamiteLoader.dm': No such file or directory
04-03 04:24:12.095 W/ziparchive(  323): Unable to open '/data/user_de/0/com.google.android.gms/app_chimera/m/00000002/DynamiteLoader.dm': No such file or directory
04-03 04:24:12.100 W/ziparchive(  323): Unable to open '/data/user_de/0/com.google.android.gms/app_chimera/m/00000005/GoogleCertificates.dm': No such file or directory
04-03 04:24:12.100 W/ziparchive(  323): Unable to open '/data/user_de/0/com.google.android.gms/app_chimera/m/00000005/GoogleCertificates.dm': No such file or directory
04-03 04:24:12.104 W/ziparchive(  323): Unable to open '/data/user_de/0/com.google.android.gms/app_chimera/m/0000000f/dl-VisionOcr.optional_261133100000.dm': No such file or directory
04-03 04:24:12.104 W/ziparchive(  323): Unable to open '/data/user_de/0/com.google.android.gms/app_chimera/m/0000000f/dl-VisionOcr.optional_261133100000.dm': No such file or directory
04-03 04:24:12.111 W/ziparchive(  323): Unable to open '/data/user_de/0/com.google.android.gms/app_chimera/m/0000000a/dl-MlkitBarcodeUi.optional_231818100000.dm': No such file or directory
04-03 04:24:12.111 W/ziparchive(  323): Unable to open '/data/user_de/0/com.google.android.gms/app_chimera/m/0000000a/dl-MlkitBarcodeUi.optional_231818100000.dm': No such file or directory
04-03 04:24:12.113 W/ziparchive(  323): Unable to open '/data/user_de/0/com.google.android.gms/app_chimera/m/00000011/dl-AdsFdrDynamite.integ_260480602100000.dm': No such file or directory
04-03 04:24:12.113 W/ziparchive(  323): Unable to open '/data/user_de/0/com.google.android.gms/app_chimera/m/00000011/dl-AdsFdrDynamite.integ_260480602100000.dm': No such file or directory
04-03 04:24:12.118 W/ziparchive(  323): Unable to open '/data/user_de/0/com.google.android.gms/app_chimera/m/00000014/dl-MlkitBarcodeUi.optional_261133100800.dm': No such file or directory
04-03 04:24:12.118 W/ziparchive(  323): Unable to open '/data/user_de/0/com.google.android.gms/app_chimera/m/00000014/dl-MlkitBarcodeUi.optional_261133100800.dm': No such file or directory
04-03 04:24:12.119 W/ziparchive(  323): Unable to open '/data/user_de/0/com.google.android.gms/app_chimera/m/00000013/dl-Appsearch.optional_261133100800.dm': No such file or directory
04-03 04:24:12.120 W/ziparchive(  323): Unable to open '/data/user_de/0/com.google.android.gms/app_chimera/m/00000013/dl-Appsearch.optional_261133100800.dm': No such file or directory
04-03 04:24:12.124 W/ziparchive(  323): Unable to open '/data/user_de/0/com.google.android.gms/app_chimera/m/00000008/dl-MlkitOcrCommon.optional_231818100800.dm': No such file or directory
04-03 04:24:12.124 W/ziparchive(  323): Unable to open '/data/user_de/0/com.google.android.gms/app_chimera/m/00000008/dl-MlkitOcrCommon.optional_231818100800.dm': No such file or directory
04-03 04:24:12.127 W/ziparchive(  323): Unable to open '/data/user_de/0/com.google.android.gms/app_chimera/m/00000000/AdsDynamite.dm': No such file or directory
04-03 04:24:12.127 W/ziparchive(  323): Unable to open '/data/user_de/0/com.google.android.gms/app_chimera/m/00000000/AdsDynamite.dm': No such file or directory
04-03 04:24:12.137 W/ziparchive(  323): Unable to open '/data/user_de/0/com.google.android.gms/app_chimera/m/00000007/MeasurementDynamite.dm': No such file or directory
04-03 04:24:12.137 W/ziparchive(  323): Unable to open '/data/user_de/0/com.google.android.gms/app_chimera/m/00000007/MeasurementDynamite.dm': No such file or directory
04-03 04:24:15.678 D/StatusBarIconController(  798): ignoring old pipeline callback because the new wifi icon is enabled
04-03 04:24:18.684 D/StatusBarIconController(  798): ignoring old pipeline callback because the new wifi icon is enabled
04-03 04:24:19.352 I/AlarmManager( 1191): setExactAndAllowWhileIdle [name: GCM_HB_ALARM type: 2 triggerAtMillis: 38337278]
04-03 04:24:19.357 I/AlarmManager( 1191): setExactAndAllowWhileIdle [name: GCM_HB_ALARM type: 2 triggerAtMillis: 38337283]
04-03 04:24:19.358 W/ProcessStats(  564): Tracking association SourceState{9d94b46 com.google.android.apps.nexuslauncher/10160 BTop #22699} whose proc state 2 is better than process ProcessState{69263c7 com.google.android.googlequicksearchbox:googleapp/10132 pkg=com.google.android.googlequicksearchbox} proc state 14 (5 skipped)
04-03 04:24:20.478 D/StatusBarIconController(  798): ignoring old pipeline callbacks, because the new mobile icons are enabled
04-03 04:24:21.688 D/StatusBarIconController(  798): ignoring old pipeline callback because the new wifi icon is enabled
04-03 04:24:22.072 W/ziparchive(  323): Unable to open '/data/user_de/0/com.google.android.gms/app_chimera/m/00000012/dl-PlayCloudSearch.optional_261133100000.dm': No such file or directory
04-03 04:24:22.072 W/ziparchive(  323): Unable to open '/data/user_de/0/com.google.android.gms/app_chimera/m/00000012/dl-PlayCloudSearch.optional_261133100000.dm': No such file or directory
04-03 04:24:22.078 W/ziparchive(  323): Unable to open '/data/user_de/0/com.google.android.gms/app_chimera/m/00000004/DynamiteModulesC.dm': No such file or directory
04-03 04:24:22.078 W/ziparchive(  323): Unable to open '/data/user_de/0/com.google.android.gms/app_chimera/m/00000004/DynamiteModulesC.dm': No such file or directory
04-03 04:24:22.083 W/ziparchive(  323): Unable to open '/data/user_de/0/com.google.android.gms/app_chimera/m/0000000c/dl-VisionOcrDynamite.integ_231602402100000.dm': No such file or directory
04-03 04:24:22.083 W/ziparchive(  323): Unable to open '/data/user_de/0/com.google.android.gms/app_chimera/m/0000000c/dl-VisionOcrDynamite.integ_231602402100000.dm': No such file or directory
04-03 04:24:22.085 W/ziparchive(  323): Unable to open '/data/user_de/0/com.google.android.gms/app_chimera/m/00000001/CronetDynamite.dm': No such file or directory
04-03 04:24:22.087 W/ziparchive(  323): Unable to open '/data/user_de/0/com.google.android.gms/app_chimera/m/00000001/CronetDynamite.dm': No such file or directory
04-03 04:24:22.089 W/ziparchive(  323): Unable to open '/data/user_de/0/com.google.android.gms/app_chimera/m/00000010/dl-MlkitOcrCommon.optional_261133100800.dm': No such file or directory
04-03 04:24:22.089 W/ziparchive(  323): Unable to open '/data/user_de/0/com.google.android.gms/app_chimera/m/00000010/dl-MlkitOcrCommon.optional_261133100800.dm': No such file or directory
04-03 04:24:22.092 W/ziparchive(  323): Unable to open '/data/user_de/0/com.google.android.gms/app_chimera/m/0000000b/dl-TfliteDynamiteDynamite.integ_252130102100800.dm': No such file or directory
04-03 04:24:22.093 W/ziparchive(  323): Unable to open '/data/user_de/0/com.google.android.gms/app_chimera/m/0000000b/dl-TfliteDynamiteDynamite.integ_252130102100800.dm': No such file or directory
04-03 04:24:22.096 W/ziparchive(  323): Unable to open '/data/user_de/0/com.google.android.gms/app_chimera/m/00000002/DynamiteLoader.dm': No such file or directory
04-03 04:24:22.096 W/ziparchive(  323): Unable to open '/data/user_de/0/com.google.android.gms/app_chimera/m/00000002/DynamiteLoader.dm': No such file or directory
04-03 04:24:22.099 W/ziparchive(  323): Unable to open '/data/user_de/0/com.google.android.gms/app_chimera/m/00000005/GoogleCertificates.dm': No such file or directory
04-03 04:24:22.100 W/ziparchive(  323): Unable to open '/data/user_de/0/com.google.android.gms/app_chimera/m/00000005/GoogleCertificates.dm': No such file or directory
04-03 04:24:22.101 W/ziparchive(  323): Unable to open '/data/user_de/0/com.google.android.gms/app_chimera/m/0000000f/dl-VisionOcr.optional_261133100000.dm': No such file or directory
04-03 04:24:22.102 W/ziparchive(  323): Unable to open '/data/user_de/0/com.google.android.gms/app_chimera/m/0000000f/dl-VisionOcr.optional_261133100000.dm': No such file or directory
04-03 04:24:22.106 W/ziparchive(  323): Unable to open '/data/user_de/0/com.google.android.gms/app_chimera/m/0000000a/dl-MlkitBarcodeUi.optional_231818100000.dm': No such file or directory
04-03 04:24:22.107 W/ziparchive(  323): Unable to open '/data/user_de/0/com.google.android.gms/app_chimera/m/0000000a/dl-MlkitBarcodeUi.optional_231818100000.dm': No such file or directory
04-03 04:24:22.111 W/ziparchive(  323): Unable to open '/data/user_de/0/com.google.android.gms/app_chimera/m/00000011/dl-AdsFdrDynamite.integ_260480602100000.dm': No such file or directory
04-03 04:24:22.113 W/ziparchive(  323): Unable to open '/data/user_de/0/com.google.android.gms/app_chimera/m/00000011/dl-AdsFdrDynamite.integ_260480602100000.dm': No such file or directory
04-03 04:24:22.115 W/ziparchive(  323): Unable to open '/data/user_de/0/com.google.android.gms/app_chimera/m/00000014/dl-MlkitBarcodeUi.optional_261133100800.dm': No such file or directory
04-03 04:24:22.115 W/ziparchive(  323): Unable to open '/data/user_de/0/com.google.android.gms/app_chimera/m/00000014/dl-MlkitBarcodeUi.optional_261133100800.dm': No such file or directory
04-03 04:24:22.119 W/ziparchive(  323): Unable to open '/data/user_de/0/com.google.android.gms/app_chimera/m/00000013/dl-Appsearch.optional_261133100800.dm': No such file or directory
04-03 04:24:22.123 W/ziparchive(  323): Unable to open '/data/user_de/0/com.google.android.gms/app_chimera/m/00000013/dl-Appsearch.optional_261133100800.dm': No such file or directory
04-03 04:24:22.126 W/ziparchive(  323): Unable to open '/data/user_de/0/com.google.android.gms/app_chimera/m/00000008/dl-MlkitOcrCommon.optional_231818100800.dm': No such file or directory
04-03 04:24:22.126 W/ziparchive(  323): Unable to open '/data/user_de/0/com.google.android.gms/app_chimera/m/00000008/dl-MlkitOcrCommon.optional_231818100800.dm': No such file or directory
04-03 04:24:22.127 W/ziparchive(  323): Unable to open '/data/user_de/0/com.google.android.gms/app_chimera/m/00000000/AdsDynamite.dm': No such file or directory
04-03 04:24:22.127 W/ziparchive(  323): Unable to open '/data/user_de/0/com.google.android.gms/app_chimera/m/00000000/AdsDynamite.dm': No such file or directory
04-03 04:24:22.136 W/ziparchive(  323): Unable to open '/data/user_de/0/com.google.android.gms/app_chimera/m/00000007/MeasurementDynamite.dm': No such file or directory
04-03 04:24:22.136 W/ziparchive(  323): Unable to open '/data/user_de/0/com.google.android.gms/app_chimera/m/00000007/MeasurementDynamite.dm': No such file or directory
04-03 04:24:27.698 D/StatusBarIconController(  798): ignoring old pipeline callback because the new wifi icon is enabled
04-03 04:24:30.481 D/StatusBarIconController(  798): ignoring old pipeline callbacks, because the new mobile icons are enabled
04-03 04:24:32.076 W/ziparchive(  323): Unable to open '/data/user_de/0/com.google.android.gms/app_chimera/m/00000012/dl-PlayCloudSearch.optional_261133100000.dm': No such file or directory
04-03 04:24:32.076 W/ziparchive(  323): Unable to open '/data/user_de/0/com.google.android.gms/app_chimera/m/00000012/dl-PlayCloudSearch.optional_261133100000.dm': No such file or directory
04-03 04:24:32.080 W/ziparchive(  323): Unable to open '/data/user_de/0/com.google.android.gms/app_chimera/m/00000004/DynamiteModulesC.dm': No such file or directory
04-03 04:24:32.080 W/ziparchive(  323): Unable to open '/data/user_de/0/com.google.android.gms/app_chimera/m/00000004/DynamiteModulesC.dm': No such file or directory
04-03 04:24:32.082 W/ziparchive(  323): Unable to open '/data/user_de/0/com.google.android.gms/app_chimera/m/0000000c/dl-VisionOcrDynamite.integ_231602402100000.dm': No such file or directory
04-03 04:24:32.082 W/ziparchive(  323): Unable to open '/data/user_de/0/com.google.android.gms/app_chimera/m/0000000c/dl-VisionOcrDynamite.integ_231602402100000.dm': No such file or directory
04-03 04:24:32.084 W/ziparchive(  323): Unable to open '/data/user_de/0/com.google.android.gms/app_chimera/m/00000001/CronetDynamite.dm': No such file or directory
04-03 04:24:32.084 W/ziparchive(  323): Unable to open '/data/user_de/0/com.google.android.gms/app_chimera/m/00000001/CronetDynamite.dm': No such file or directory
04-03 04:24:32.087 W/ziparchive(  323): Unable to open '/data/user_de/0/com.google.android.gms/app_chimera/m/00000010/dl-MlkitOcrCommon.optional_261133100800.dm': No such file or directory
04-03 04:24:32.087 W/ziparchive(  323): Unable to open '/data/user_de/0/com.google.android.gms/app_chimera/m/00000010/dl-MlkitOcrCommon.optional_261133100800.dm': No such file or directory
04-03 04:24:32.092 W/ziparchive(  323): Unable to open '/data/user_de/0/com.google.android.gms/app_chimera/m/0000000b/dl-TfliteDynamiteDynamite.integ_252130102100800.dm': No such file or directory
04-03 04:24:32.094 W/ziparchive(  323): Unable to open '/data/user_de/0/com.google.android.gms/app_chimera/m/0000000b/dl-TfliteDynamiteDynamite.integ_252130102100800.dm': No such file or directory
04-03 04:24:32.099 W/ziparchive(  323): Unable to open '/data/user_de/0/com.google.android.gms/app_chimera/m/00000002/DynamiteLoader.dm': No such file or directory
04-03 04:24:32.099 W/ziparchive(  323): Unable to open '/data/user_de/0/com.google.android.gms/app_chimera/m/00000002/DynamiteLoader.dm': No such file or directory
04-03 04:24:32.101 W/ziparchive(  323): Unable to open '/data/user_de/0/com.google.android.gms/app_chimera/m/00000005/GoogleCertificates.dm': No such file or directory
04-03 04:24:32.104 W/ziparchive(  323): Unable to open '/data/user_de/0/com.google.android.gms/app_chimera/m/00000005/GoogleCertificates.dm': No such file or directory
04-03 04:24:32.109 W/ziparchive(  323): Unable to open '/data/user_de/0/com.google.android.gms/app_chimera/m/0000000f/dl-VisionOcr.optional_261133100000.dm': No such file or directory
04-03 04:24:32.111 W/ziparchive(  323): Unable to open '/data/user_de/0/com.google.android.gms/app_chimera/m/0000000f/dl-VisionOcr.optional_261133100000.dm': No such file or directory
04-03 04:24:32.119 W/ziparchive(  323): Unable to open '/data/user_de/0/com.google.android.gms/app_chimera/m/0000000a/dl-MlkitBarcodeUi.optional_231818100000.dm': No such file or directory
04-03 04:24:32.120 W/ziparchive(  323): Unable to open '/data/user_de/0/com.google.android.gms/app_chimera/m/0000000a/dl-MlkitBarcodeUi.optional_231818100000.dm': No such file or directory
04-03 04:24:32.123 W/ziparchive(  323): Unable to open '/data/user_de/0/com.google.android.gms/app_chimera/m/00000011/dl-AdsFdrDynamite.integ_260480602100000.dm': No such file or directory
04-03 04:24:32.123 W/ziparchive(  323): Unable to open '/data/user_de/0/com.google.android.gms/app_chimera/m/00000011/dl-AdsFdrDynamite.integ_260480602100000.dm': No such file or directory
04-03 04:24:32.131 W/ziparchive(  323): Unable to open '/data/user_de/0/com.google.android.gms/app_chimera/m/00000014/dl-MlkitBarcodeUi.optional_261133100800.dm': No such file or directory
04-03 04:24:32.131 W/ziparchive(  323): Unable to open '/data/user_de/0/com.google.android.gms/app_chimera/m/00000014/dl-MlkitBarcodeUi.optional_261133100800.dm': No such file or directory
04-03 04:24:32.133 W/ziparchive(  323): Unable to open '/data/user_de/0/com.google.android.gms/app_chimera/m/00000013/dl-Appsearch.optional_261133100800.dm': No such file or directory
04-03 04:24:32.135 W/ziparchive(  323): Unable to open '/data/user_de/0/com.google.android.gms/app_chimera/m/00000013/dl-Appsearch.optional_261133100800.dm': No such file or directory
04-03 04:24:32.139 W/ziparchive(  323): Unable to open '/data/user_de/0/com.google.android.gms/app_chimera/m/00000008/dl-MlkitOcrCommon.optional_231818100800.dm': No such file or directory
04-03 04:24:32.139 W/ziparchive(  323): Unable to open '/data/user_de/0/com.google.android.gms/app_chimera/m/00000008/dl-MlkitOcrCommon.optional_231818100800.dm': No such file or directory
04-03 04:24:32.141 W/ziparchive(  323): Unable to open '/data/user_de/0/com.google.android.gms/app_chimera/m/00000000/AdsDynamite.dm': No such file or directory
04-03 04:24:32.141 W/ziparchive(  323): Unable to open '/data/user_de/0/com.google.android.gms/app_chimera/m/00000000/AdsDynamite.dm': No such file or directory
04-03 04:24:32.144 W/ziparchive(  323): Unable to open '/data/user_de/0/com.google.android.gms/app_chimera/m/00000007/MeasurementDynamite.dm': No such file or directory
04-03 04:24:32.145 W/ziparchive(  323): Unable to open '/data/user_de/0/com.google.android.gms/app_chimera/m/00000007/MeasurementDynamite.dm': No such file or directory
04-03 04:24:34.441 W/ProcessStats(  564): Tracking association SourceState{9d94b46 com.google.android.apps.nexuslauncher/10160 BTop #22700} whose proc state 2 is better than process ProcessState{69263c7 com.google.android.googlequicksearchbox:googleapp/10132 pkg=com.google.android.googlequicksearchbox} proc state 14 (2 skipped)
04-03 04:24:40.483 D/StatusBarIconController(  798): ignoring old pipeline callbacks, because the new mobile icons are enabled
04-03 04:24:40.486 D/EGL_emulation(  798): app_time_stats: avg=40470.34ms min=40470.34ms max=40470.34ms count=1
04-03 04:24:42.070 W/ziparchive(  323): Unable to open '/data/user_de/0/com.google.android.gms/app_chimera/m/00000012/dl-PlayCloudSearch.optional_261133100000.dm': No such file or directory
04-03 04:24:42.070 W/ziparchive(  323): Unable to open '/data/user_de/0/com.google.android.gms/app_chimera/m/00000012/dl-PlayCloudSearch.optional_261133100000.dm': No such file or directory
04-03 04:24:42.072 W/ziparchive(  323): Unable to open '/data/user_de/0/com.google.android.gms/app_chimera/m/00000004/DynamiteModulesC.dm': No such file or directory
04-03 04:24:42.073 W/ziparchive(  323): Unable to open '/data/user_de/0/com.google.android.gms/app_chimera/m/00000004/DynamiteModulesC.dm': No such file or directory
04-03 04:24:42.074 W/ziparchive(  323): Unable to open '/data/user_de/0/com.google.android.gms/app_chimera/m/0000000c/dl-VisionOcrDynamite.integ_231602402100000.dm': No such file or directory
04-03 04:24:42.074 W/ziparchive(  323): Unable to open '/data/user_de/0/com.google.android.gms/app_chimera/m/0000000c/dl-VisionOcrDynamite.integ_231602402100000.dm': No such file or directory
04-03 04:24:42.076 W/ziparchive(  323): Unable to open '/data/user_de/0/com.google.android.gms/app_chimera/m/00000001/CronetDynamite.dm': No such file or directory
04-03 04:24:42.076 W/ziparchive(  323): Unable to open '/data/user_de/0/com.google.android.gms/app_chimera/m/00000001/CronetDynamite.dm': No such file or directory
04-03 04:24:42.081 W/ziparchive(  323): Unable to open '/data/user_de/0/com.google.android.gms/app_chimera/m/00000010/dl-MlkitOcrCommon.optional_261133100800.dm': No such file or directory
04-03 04:24:42.081 W/ziparchive(  323): Unable to open '/data/user_de/0/com.google.android.gms/app_chimera/m/00000010/dl-MlkitOcrCommon.optional_261133100800.dm': No such file or directory
04-03 04:24:42.084 W/ziparchive(  323): Unable to open '/data/user_de/0/com.google.android.gms/app_chimera/m/0000000b/dl-TfliteDynamiteDynamite.integ_252130102100800.dm': No such file or directory
04-03 04:24:42.085 W/ziparchive(  323): Unable to open '/data/user_de/0/com.google.android.gms/app_chimera/m/0000000b/dl-TfliteDynamiteDynamite.integ_252130102100800.dm': No such file or directory
04-03 04:24:42.086 W/ziparchive(  323): Unable to open '/data/user_de/0/com.google.android.gms/app_chimera/m/00000002/DynamiteLoader.dm': No such file or directory
04-03 04:24:42.088 W/ziparchive(  323): Unable to open '/data/user_de/0/com.google.android.gms/app_chimera/m/00000002/DynamiteLoader.dm': No such file or directory
04-03 04:24:42.088 W/ziparchive(  323): Unable to open '/data/user_de/0/com.google.android.gms/app_chimera/m/00000005/GoogleCertificates.dm': No such file or directory
04-03 04:24:42.088 W/ziparchive(  323): Unable to open '/data/user_de/0/com.google.android.gms/app_chimera/m/00000005/GoogleCertificates.dm': No such file or directory
04-03 04:24:42.092 W/ziparchive(  323): Unable to open '/data/user_de/0/com.google.android.gms/app_chimera/m/0000000f/dl-VisionOcr.optional_261133100000.dm': No such file or directory
04-03 04:24:42.094 W/ziparchive(  323): Unable to open '/data/user_de/0/com.google.android.gms/app_chimera/m/0000000f/dl-VisionOcr.optional_261133100000.dm': No such file or directory
04-03 04:24:42.100 W/ziparchive(  323): Unable to open '/data/user_de/0/com.google.android.gms/app_chimera/m/0000000a/dl-MlkitBarcodeUi.optional_231818100000.dm': No such file or directory
04-03 04:24:42.101 W/ziparchive(  323): Unable to open '/data/user_de/0/com.google.android.gms/app_chimera/m/0000000a/dl-MlkitBarcodeUi.optional_231818100000.dm': No such file or directory
04-03 04:24:42.103 W/ziparchive(  323): Unable to open '/data/user_de/0/com.google.android.gms/app_chimera/m/00000011/dl-AdsFdrDynamite.integ_260480602100000.dm': No such file or directory
04-03 04:24:42.104 W/ziparchive(  323): Unable to open '/data/user_de/0/com.google.android.gms/app_chimera/m/00000011/dl-AdsFdrDynamite.integ_260480602100000.dm': No such file or directory
04-03 04:24:42.105 W/ziparchive(  323): Unable to open '/data/user_de/0/com.google.android.gms/app_chimera/m/00000014/dl-MlkitBarcodeUi.optional_261133100800.dm': No such file or directory
04-03 04:24:42.107 W/ziparchive(  323): Unable to open '/data/user_de/0/com.google.android.gms/app_chimera/m/00000014/dl-MlkitBarcodeUi.optional_261133100800.dm': No such file or directory
04-03 04:24:42.110 W/ziparchive(  323): Unable to open '/data/user_de/0/com.google.android.gms/app_chimera/m/00000013/dl-Appsearch.optional_261133100800.dm': No such file or directory
04-03 04:24:42.110 W/ziparchive(  323): Unable to open '/data/user_de/0/com.google.android.gms/app_chimera/m/00000013/dl-Appsearch.optional_261133100800.dm': No such file or directory
04-03 04:24:42.114 W/ziparchive(  323): Unable to open '/data/user_de/0/com.google.android.gms/app_chimera/m/00000008/dl-MlkitOcrCommon.optional_231818100800.dm': No such file or directory
04-03 04:24:42.115 W/ziparchive(  323): Unable to open '/data/user_de/0/com.google.android.gms/app_chimera/m/00000008/dl-MlkitOcrCommon.optional_231818100800.dm': No such file or directory
04-03 04:24:42.124 W/ziparchive(  323): Unable to open '/data/user_de/0/com.google.android.gms/app_chimera/m/00000000/AdsDynamite.dm': No such file or directory
04-03 04:24:42.124 W/ziparchive(  323): Unable to open '/data/user_de/0/com.google.android.gms/app_chimera/m/00000000/AdsDynamite.dm': No such file or directory
04-03 04:24:42.131 W/ziparchive(  323): Unable to open '/data/user_de/0/com.google.android.gms/app_chimera/m/00000007/MeasurementDynamite.dm': No such file or directory
04-03 04:24:42.131 W/ziparchive(  323): Unable to open '/data/user_de/0/com.google.android.gms/app_chimera/m/00000007/MeasurementDynamite.dm': No such file or directory
04-03 04:24:50.480 D/StatusBarIconController(  798): ignoring old pipeline callbacks, because the new mobile icons are enabled
04-03 04:24:52.092 W/ziparchive(  323): Unable to open '/data/user_de/0/com.google.android.gms/app_chimera/m/00000012/dl-PlayCloudSearch.optional_261133100000.dm': No such file or directory
04-03 04:24:52.092 W/ziparchive(  323): Unable to open '/data/user_de/0/com.google.android.gms/app_chimera/m/00000012/dl-PlayCloudSearch.optional_261133100000.dm': No such file or directory
04-03 04:24:52.096 W/ziparchive(  323): Unable to open '/data/user_de/0/com.google.android.gms/app_chimera/m/00000004/DynamiteModulesC.dm': No such file or directory
04-03 04:24:52.097 W/ziparchive(  323): Unable to open '/data/user_de/0/com.google.android.gms/app_chimera/m/00000004/DynamiteModulesC.dm': No such file or directory
04-03 04:24:52.099 W/ziparchive(  323): Unable to open '/data/user_de/0/com.google.android.gms/app_chimera/m/0000000c/dl-VisionOcrDynamite.integ_231602402100000.dm': No such file or directory
04-03 04:24:52.100 W/ziparchive(  323): Unable to open '/data/user_de/0/com.google.android.gms/app_chimera/m/0000000c/dl-VisionOcrDynamite.integ_231602402100000.dm': No such file or directory
04-03 04:24:52.105 W/ziparchive(  323): Unable to open '/data/user_de/0/com.google.android.gms/app_chimera/m/00000001/CronetDynamite.dm': No such file or directory
04-03 04:24:52.106 W/ziparchive(  323): Unable to open '/data/user_de/0/com.google.android.gms/app_chimera/m/00000001/CronetDynamite.dm': No such file or directory
04-03 04:24:52.108 W/ziparchive(  323): Unable to open '/data/user_de/0/com.google.android.gms/app_chimera/m/00000010/dl-MlkitOcrCommon.optional_261133100800.dm': No such file or directory
04-03 04:24:52.108 W/ziparchive(  323): Unable to open '/data/user_de/0/com.google.android.gms/app_chimera/m/00000010/dl-MlkitOcrCommon.optional_261133100800.dm': No such file or directory
04-03 04:24:52.111 W/ziparchive(  323): Unable to open '/data/user_de/0/com.google.android.gms/app_chimera/m/0000000b/dl-TfliteDynamiteDynamite.integ_252130102100800.dm': No such file or directory
04-03 04:24:52.111 W/ziparchive(  323): Unable to open '/data/user_de/0/com.google.android.gms/app_chimera/m/0000000b/dl-TfliteDynamiteDynamite.integ_252130102100800.dm': No such file or directory
04-03 04:24:52.115 W/ziparchive(  323): Unable to open '/data/user_de/0/com.google.android.gms/app_chimera/m/00000002/DynamiteLoader.dm': No such file or directory
04-03 04:24:52.115 W/ziparchive(  323): Unable to open '/data/user_de/0/com.google.android.gms/app_chimera/m/00000002/DynamiteLoader.dm': No such file or directory
04-03 04:24:52.116 W/ziparchive(  323): Unable to open '/data/user_de/0/com.google.android.gms/app_chimera/m/00000005/GoogleCertificates.dm': No such file or directory
04-03 04:24:52.116 W/ziparchive(  323): Unable to open '/data/user_de/0/com.google.android.gms/app_chimera/m/00000005/GoogleCertificates.dm': No such file or directory
04-03 04:24:52.121 W/ziparchive(  323): Unable to open '/data/user_de/0/com.google.android.gms/app_chimera/m/0000000f/dl-VisionOcr.optional_261133100000.dm': No such file or directory
04-03 04:24:52.123 W/ziparchive(  323): Unable to open '/data/user_de/0/com.google.android.gms/app_chimera/m/0000000f/dl-VisionOcr.optional_261133100000.dm': No such file or directory
04-03 04:24:52.127 W/ziparchive(  323): Unable to open '/data/user_de/0/com.google.android.gms/app_chimera/m/0000000a/dl-MlkitBarcodeUi.optional_231818100000.dm': No such file or directory
04-03 04:24:52.127 W/ziparchive(  323): Unable to open '/data/user_de/0/com.google.android.gms/app_chimera/m/0000000a/dl-MlkitBarcodeUi.optional_231818100000.dm': No such file or directory
04-03 04:24:52.130 W/ziparchive(  323): Unable to open '/data/user_de/0/com.google.android.gms/app_chimera/m/00000011/dl-AdsFdrDynamite.integ_260480602100000.dm': No such file or directory
04-03 04:24:52.130 W/ziparchive(  323): Unable to open '/data/user_de/0/com.google.android.gms/app_chimera/m/00000011/dl-AdsFdrDynamite.integ_260480602100000.dm': No such file or directory
04-03 04:24:52.131 W/ziparchive(  323): Unable to open '/data/user_de/0/com.google.android.gms/app_chimera/m/00000014/dl-MlkitBarcodeUi.optional_261133100800.dm': No such file or directory
04-03 04:24:52.132 W/ziparchive(  323): Unable to open '/data/user_de/0/com.google.android.gms/app_chimera/m/00000014/dl-MlkitBarcodeUi.optional_261133100800.dm': No such file or directory
04-03 04:24:52.134 W/ziparchive(  323): Unable to open '/data/user_de/0/com.google.android.gms/app_chimera/m/00000013/dl-Appsearch.optional_261133100800.dm': No such file or directory
04-03 04:24:52.134 W/ziparchive(  323): Unable to open '/data/user_de/0/com.google.android.gms/app_chimera/m/00000013/dl-Appsearch.optional_261133100800.dm': No such file or directory
04-03 04:24:52.136 W/ziparchive(  323): Unable to open '/data/user_de/0/com.google.android.gms/app_chimera/m/00000008/dl-MlkitOcrCommon.optional_231818100800.dm': No such file or directory
04-03 04:24:52.136 W/ziparchive(  323): Unable to open '/data/user_de/0/com.google.android.gms/app_chimera/m/00000008/dl-MlkitOcrCommon.optional_231818100800.dm': No such file or directory
04-03 04:24:52.137 W/ziparchive(  323): Unable to open '/data/user_de/0/com.google.android.gms/app_chimera/m/00000000/AdsDynamite.dm': No such file or directory
04-03 04:24:52.137 W/ziparchive(  323): Unable to open '/data/user_de/0/com.google.android.gms/app_chimera/m/00000000/AdsDynamite.dm': No such file or directory
04-03 04:24:52.143 W/ziparchive(  323): Unable to open '/data/user_de/0/com.google.android.gms/app_chimera/m/00000007/MeasurementDynamite.dm': No such file or directory
04-03 04:24:52.143 W/ziparchive(  323): Unable to open '/data/user_de/0/com.google.android.gms/app_chimera/m/00000007/MeasurementDynamite.dm': No such file or directory
04-03 04:25:00.004 I/AiAiEcho( 1338): Predicting[0]: 
04-03 04:25:00.005 I/AiAiEcho( 1338): EchoTargets: 
04-03 04:25:00.005 I/AiAiEcho( 1338): Filtered by AiAi flag check: 
04-03 04:25:00.005 I/AiAiEcho( 1338): Ranked targets strategy: SORT, count: 0, ranking metadata: 
04-03 04:25:00.005 I/AiAiEcho( 1338): #postPredictionTargets: Sending updates to UISurface lockscreen with targets# 0 (types=[])
04-03 04:25:00.016 W/PageIndicator(  798): Total number of pages invalid: 0. Assuming 1 page.
04-03 04:25:00.017 D/EGL_emulation(  798): app_time_stats: avg=19530.45ms min=19530.45ms max=19530.45ms count=1
04-03 04:25:00.480 D/StatusBarIconController(  798): ignoring old pipeline callbacks, because the new mobile icons are enabled
04-03 04:25:02.119 W/ziparchive(  323): Unable to open '/data/user_de/0/com.google.android.gms/app_chimera/m/00000012/dl-PlayCloudSearch.optional_261133100000.dm': No such file or directory
04-03 04:25:02.119 W/ziparchive(  323): Unable to open '/data/user_de/0/com.google.android.gms/app_chimera/m/00000012/dl-PlayCloudSearch.optional_261133100000.dm': No such file or directory
04-03 04:25:02.122 W/ziparchive(  323): Unable to open '/data/user_de/0/com.google.android.gms/app_chimera/m/00000004/DynamiteModulesC.dm': No such file or directory
04-03 04:25:02.122 W/ziparchive(  323): Unable to open '/data/user_de/0/com.google.android.gms/app_chimera/m/00000004/DynamiteModulesC.dm': No such file or directory
04-03 04:25:02.124 W/ziparchive(  323): Unable to open '/data/user_de/0/com.google.android.gms/app_chimera/m/0000000c/dl-VisionOcrDynamite.integ_231602402100000.dm': No such file or directory
04-03 04:25:02.125 W/ziparchive(  323): Unable to open '/data/user_de/0/com.google.android.gms/app_chimera/m/0000000c/dl-VisionOcrDynamite.integ_231602402100000.dm': No such file or directory
04-03 04:25:02.127 W/ziparchive(  323): Unable to open '/data/user_de/0/com.google.android.gms/app_chimera/m/00000001/CronetDynamite.dm': No such file or directory
04-03 04:25:02.127 W/ziparchive(  323): Unable to open '/data/user_de/0/com.google.android.gms/app_chimera/m/00000001/CronetDynamite.dm': No such file or directory
04-03 04:25:02.131 W/ziparchive(  323): Unable to open '/data/user_de/0/com.google.android.gms/app_chimera/m/00000010/dl-MlkitOcrCommon.optional_261133100800.dm': No such file or directory
